stm32l475e_iot01_audio.c:204:9:BSP_AUDIO_IN_Init	64	static
stm32l475e_iot01_audio.c:436:9:BSP_AUDIO_IN_DeInit	24	static
stm32l475e_iot01_audio.c:498:9:BSP_AUDIO_IN_Record	32	static
stm32l475e_iot01_audio.c:568:9:BSP_AUDIO_IN_Pause	24	static
stm32l475e_iot01_audio.c:612:9:BSP_AUDIO_IN_Resume	24	static
stm32l475e_iot01_audio.c:667:9:BSP_AUDIO_IN_Stop	24	static
stm32l475e_iot01_audio.c:717:9:BSP_AUDIO_IN_SetVolume	24	static
stm32l475e_iot01_audio.c:739:9:BSP_AUDIO_IN_GetVolume	24	static
stm32l475e_iot01_audio.c:762:9:BSP_AUDIO_IN_SetSampleRate	64	static
stm32l475e_iot01_audio.c:933:9:BSP_AUDIO_IN_GetSampleRate	24	static
stm32l475e_iot01_audio.c:960:9:BSP_AUDIO_IN_SetDevice	64	static
stm32l475e_iot01_audio.c:1121:9:BSP_AUDIO_IN_GetDevice	24	static
stm32l475e_iot01_audio.c:1148:9:BSP_AUDIO_IN_SetBitsPerSample	24	static
stm32l475e_iot01_audio.c:1178:9:BSP_AUDIO_IN_GetBitsPerSample	24	static
stm32l475e_iot01_audio.c:1205:9:BSP_AUDIO_IN_SetChannelsNbr	24	static
stm32l475e_iot01_audio.c:1237:9:BSP_AUDIO_IN_GetChannelsNbr	24	static
stm32l475e_iot01_audio.c:1264:9:BSP_AUDIO_IN_GetState	24	static
stm32l475e_iot01_audio.c:1286:9:BSP_AUDIO_IN_RegisterDefaultMspCallbacks	24	static
stm32l475e_iot01_audio.c:1358:9:BSP_AUDIO_IN_RegisterMspCallbacks	24	static
stm32l475e_iot01_audio.c:1430:13:BSP_AUDIO_IN_TransferComplete_CallBack	16	static
stm32l475e_iot01_audio.c:1441:13:BSP_AUDIO_IN_HalfTransfer_CallBack	16	static
stm32l475e_iot01_audio.c:1452:13:BSP_AUDIO_IN_Error_CallBack	16	static
stm32l475e_iot01_audio.c:1464:6:BSP_AUDIO_IN_IRQHandler	16	static
stm32l475e_iot01_audio.c:1487:26:MX_DFSDM1_ClockConfig	160	static
stm32l475e_iot01_audio.c:1539:26:MX_DFSDM1_Init	32	static
stm32l475e_iot01_audio.c:1607:16:DFSDM_DeInit	24	static
stm32l475e_iot01_audio.c:1633:13:DFSDM_ChannelMspInit	48	static
stm32l475e_iot01_audio.c:1664:13:DFSDM_ChannelMspDeInit	16	static
stm32l475e_iot01_audio.c:1683:13:DFSDM_FilterMspInit	24	static
stm32l475e_iot01_audio.c:1765:13:DFSDM_FilterMspDeInit	16	static
stm32l475e_iot01_audio.c:1797:13:DFSDM_FilterRegConvCpltCallback	32	static
stm32l475e_iot01_audio.c:1866:13:DFSDM_FilterRegConvHalfCpltCallback	32	static
stm32l475e_iot01_audio.c:1935:13:DFSDM_FilterErrorCallback	16	static
