stm32l475e_iot01_audio.c:203:9:BSP_AUDIO_IN_Init	24	static
stm32l475e_iot01_audio.c:316:9:BSP_AUDIO_IN_DeInit	24	static
stm32l475e_iot01_audio.c:378:9:BSP_AUDIO_IN_Record	32	static
stm32l475e_iot01_audio.c:448:9:BSP_AUDIO_IN_Pause	24	static
stm32l475e_iot01_audio.c:492:9:BSP_AUDIO_IN_Resume	24	static
stm32l475e_iot01_audio.c:547:9:BSP_AUDIO_IN_Stop	24	static
stm32l475e_iot01_audio.c:597:9:BSP_AUDIO_IN_SetVolume	24	static
stm32l475e_iot01_audio.c:619:9:BSP_AUDIO_IN_GetVolume	24	static
stm32l475e_iot01_audio.c:642:9:BSP_AUDIO_IN_SetSampleRate	64	static
stm32l475e_iot01_audio.c:813:9:BSP_AUDIO_IN_GetSampleRate	24	static
stm32l475e_iot01_audio.c:840:9:BSP_AUDIO_IN_SetDevice	64	static
stm32l475e_iot01_audio.c:1001:9:BSP_AUDIO_IN_GetDevice	24	static
stm32l475e_iot01_audio.c:1028:9:BSP_AUDIO_IN_SetBitsPerSample	24	static
stm32l475e_iot01_audio.c:1058:9:BSP_AUDIO_IN_GetBitsPerSample	24	static
stm32l475e_iot01_audio.c:1085:9:BSP_AUDIO_IN_SetChannelsNbr	24	static
stm32l475e_iot01_audio.c:1117:9:BSP_AUDIO_IN_GetChannelsNbr	24	static
stm32l475e_iot01_audio.c:1144:9:BSP_AUDIO_IN_GetState	24	static
stm32l475e_iot01_audio.c:1166:9:BSP_AUDIO_IN_RegisterDefaultMspCallbacks	24	static
stm32l475e_iot01_audio.c:1238:9:BSP_AUDIO_IN_RegisterMspCallbacks	24	static
stm32l475e_iot01_audio.c:1310:13:BSP_AUDIO_IN_TransferComplete_CallBack	16	static
stm32l475e_iot01_audio.c:1321:13:BSP_AUDIO_IN_HalfTransfer_CallBack	16	static
stm32l475e_iot01_audio.c:1332:13:BSP_AUDIO_IN_Error_CallBack	16	static
stm32l475e_iot01_audio.c:1344:6:BSP_AUDIO_IN_IRQHandler	16	static
stm32l475e_iot01_audio.c:1367:26:MX_DFSDM1_ClockConfig	160	static
stm32l475e_iot01_audio.c:1419:26:MX_DFSDM1_Init	32	static
stm32l475e_iot01_audio.c:1487:16:DFSDM_DeInit	24	static
stm32l475e_iot01_audio.c:1513:13:DFSDM_ChannelMspInit	48	static
stm32l475e_iot01_audio.c:1544:13:DFSDM_ChannelMspDeInit	16	static
stm32l475e_iot01_audio.c:1563:13:DFSDM_FilterMspInit	24	static
stm32l475e_iot01_audio.c:1645:13:DFSDM_FilterMspDeInit	16	static
stm32l475e_iot01_audio.c:1677:13:DFSDM_FilterRegConvCpltCallback	32	static
stm32l475e_iot01_audio.c:1746:13:DFSDM_FilterRegConvHalfCpltCallback	32	static
stm32l475e_iot01_audio.c:1815:13:DFSDM_FilterErrorCallback	16	static
