Archive member included to satisfy reference by file (symbol)

c:/st/stm32cubeide_1.8.0/stm32cubeide/plugins/com.st.stm32cube.ide.mcu.externaltools.gnu-tools-for-stm32.9-2020-q2-update.win32_2.0.0.202105311346/tools/bin/../lib/gcc/arm-none-eabi/9.3.1/../../../../arm-none-eabi/lib/thumb/v7e-m+fp/hard\libc_nano.a(lib_a-calloc.o)
                              ./Core/Src/main.o (calloc)
c:/st/stm32cubeide_1.8.0/stm32cubeide/plugins/com.st.stm32cube.ide.mcu.externaltools.gnu-tools-for-stm32.9-2020-q2-update.win32_2.0.0.202105311346/tools/bin/../lib/gcc/arm-none-eabi/9.3.1/../../../../arm-none-eabi/lib/thumb/v7e-m+fp/hard\libc_nano.a(lib_a-errno.o)
                              ./Core/Src/syscalls.o (__errno)
c:/st/stm32cubeide_1.8.0/stm32cubeide/plugins/com.st.stm32cube.ide.mcu.externaltools.gnu-tools-for-stm32.9-2020-q2-update.win32_2.0.0.202105311346/tools/bin/../lib/gcc/arm-none-eabi/9.3.1/../../../../arm-none-eabi/lib/thumb/v7e-m+fp/hard\libc_nano.a(lib_a-exit.o)
                              c:/st/stm32cubeide_1.8.0/stm32cubeide/plugins/com.st.stm32cube.ide.mcu.externaltools.gnu-tools-for-stm32.9-2020-q2-update.win32_2.0.0.202105311346/tools/bin/../lib/gcc/arm-none-eabi/9.3.1/../../../../arm-none-eabi/lib/thumb/v7e-m+fp/hard/crt0.o (exit)
c:/st/stm32cubeide_1.8.0/stm32cubeide/plugins/com.st.stm32cube.ide.mcu.externaltools.gnu-tools-for-stm32.9-2020-q2-update.win32_2.0.0.202105311346/tools/bin/../lib/gcc/arm-none-eabi/9.3.1/../../../../arm-none-eabi/lib/thumb/v7e-m+fp/hard\libc_nano.a(lib_a-findfp.o)
                              ./Middlewares/Third_Party/FreeRTOS/Source/tasks.o (__sf_fake_stderr)
c:/st/stm32cubeide_1.8.0/stm32cubeide/plugins/com.st.stm32cube.ide.mcu.externaltools.gnu-tools-for-stm32.9-2020-q2-update.win32_2.0.0.202105311346/tools/bin/../lib/gcc/arm-none-eabi/9.3.1/../../../../arm-none-eabi/lib/thumb/v7e-m+fp/hard\libc_nano.a(lib_a-fwalk.o)
                              c:/st/stm32cubeide_1.8.0/stm32cubeide/plugins/com.st.stm32cube.ide.mcu.externaltools.gnu-tools-for-stm32.9-2020-q2-update.win32_2.0.0.202105311346/tools/bin/../lib/gcc/arm-none-eabi/9.3.1/../../../../arm-none-eabi/lib/thumb/v7e-m+fp/hard\libc_nano.a(lib_a-findfp.o) (_fwalk)
c:/st/stm32cubeide_1.8.0/stm32cubeide/plugins/com.st.stm32cube.ide.mcu.externaltools.gnu-tools-for-stm32.9-2020-q2-update.win32_2.0.0.202105311346/tools/bin/../lib/gcc/arm-none-eabi/9.3.1/../../../../arm-none-eabi/lib/thumb/v7e-m+fp/hard\libc_nano.a(lib_a-impure.o)
                              c:/st/stm32cubeide_1.8.0/stm32cubeide/plugins/com.st.stm32cube.ide.mcu.externaltools.gnu-tools-for-stm32.9-2020-q2-update.win32_2.0.0.202105311346/tools/bin/../lib/gcc/arm-none-eabi/9.3.1/../../../../arm-none-eabi/lib/thumb/v7e-m+fp/hard\libc_nano.a(lib_a-exit.o) (_global_impure_ptr)
c:/st/stm32cubeide_1.8.0/stm32cubeide/plugins/com.st.stm32cube.ide.mcu.externaltools.gnu-tools-for-stm32.9-2020-q2-update.win32_2.0.0.202105311346/tools/bin/../lib/gcc/arm-none-eabi/9.3.1/../../../../arm-none-eabi/lib/thumb/v7e-m+fp/hard\libc_nano.a(lib_a-init.o)
                              c:/st/stm32cubeide_1.8.0/stm32cubeide/plugins/com.st.stm32cube.ide.mcu.externaltools.gnu-tools-for-stm32.9-2020-q2-update.win32_2.0.0.202105311346/tools/bin/../lib/gcc/arm-none-eabi/9.3.1/../../../../arm-none-eabi/lib/thumb/v7e-m+fp/hard/crt0.o (__libc_init_array)
c:/st/stm32cubeide_1.8.0/stm32cubeide/plugins/com.st.stm32cube.ide.mcu.externaltools.gnu-tools-for-stm32.9-2020-q2-update.win32_2.0.0.202105311346/tools/bin/../lib/gcc/arm-none-eabi/9.3.1/../../../../arm-none-eabi/lib/thumb/v7e-m+fp/hard\libc_nano.a(lib_a-lock.o)
                              c:/st/stm32cubeide_1.8.0/stm32cubeide/plugins/com.st.stm32cube.ide.mcu.externaltools.gnu-tools-for-stm32.9-2020-q2-update.win32_2.0.0.202105311346/tools/bin/../lib/gcc/arm-none-eabi/9.3.1/../../../../arm-none-eabi/lib/thumb/v7e-m+fp/hard\libc_nano.a(lib_a-findfp.o) (__retarget_lock_init_recursive)
c:/st/stm32cubeide_1.8.0/stm32cubeide/plugins/com.st.stm32cube.ide.mcu.externaltools.gnu-tools-for-stm32.9-2020-q2-update.win32_2.0.0.202105311346/tools/bin/../lib/gcc/arm-none-eabi/9.3.1/../../../../arm-none-eabi/lib/thumb/v7e-m+fp/hard\libc_nano.a(lib_a-memcpy-stub.o)
                              ./Core/Src/microphone.o (memcpy)
c:/st/stm32cubeide_1.8.0/stm32cubeide/plugins/com.st.stm32cube.ide.mcu.externaltools.gnu-tools-for-stm32.9-2020-q2-update.win32_2.0.0.202105311346/tools/bin/../lib/gcc/arm-none-eabi/9.3.1/../../../../arm-none-eabi/lib/thumb/v7e-m+fp/hard\libc_nano.a(lib_a-memset.o)
                              c:/st/stm32cubeide_1.8.0/stm32cubeide/plugins/com.st.stm32cube.ide.mcu.externaltools.gnu-tools-for-stm32.9-2020-q2-update.win32_2.0.0.202105311346/tools/bin/../lib/gcc/arm-none-eabi/9.3.1/../../../../arm-none-eabi/lib/thumb/v7e-m+fp/hard/crt0.o (memset)
[...]
Memory Configuration

Name             Origin             Length             Attributes
RAM              0x0000000020000000 0x0000000000018000 xrw
RAM2             0x0000000010000000 0x0000000000008000 xrw
FLASH            0x0000000008000000 0x0000000000100000 xr
*default*        0x0000000000000000 0xffffffffffffffff

Linker script and memory map

LOAD c:/st/stm32cubeide_1.8.0/stm32cubeide/plugins/com.st.stm32cube.ide.mcu.externaltools.gnu-tools-for-stm32.9-2020-q2-update.win32_2.0.0.202105311346/tools/bin/../lib/gcc/arm-none-eabi/9.3.1/thumb/v7e-m+fp/hard/crti.o
LOAD c:/st/stm32cubeide_1.8.0/stm32cubeide/plugins/com.st.stm32cube.ide.mcu.externaltools.gnu-tools-for-stm32.9-2020-q2-update.win32_2.0.0.202105311346/tools/bin/../lib/gcc/arm-none-eabi/9.3.1/thumb/v7e-m+fp/hard/crtbegin.o
LOAD c:/st/stm32cubeide_1.8.0/stm32cubeide/plugins/com.st.stm32cube.ide.mcu.externaltools.gnu-tools-for-stm32.9-2020-q2-update.win32_2.0.0.202105311346/tools/bin/../lib/gcc/arm-none-eabi/9.3.1/../../../../arm-none-eabi/lib/thumb/v7e-m+fp/hard/crt0.o
LOAD ./Core/Src/dfsdm.o
LOAD ./Core/Src/dma.o
LOAD ./Core/Src/freertos.o
LOAD ./Core/Src/gpio.o
LOAD ./Core/Src/main.o
LOAD ./Core/Src/microphone.o
LOAD ./Core/Src/stm32l475e_iot01_audio.o
LOAD ./Core/Src/stm32l475e_iot01_clock_conf.o
LOAD ./Core/Src/stm32l475e_iot01_irq_handler.o
LOAD ./Core/Src/stm32l4xx_hal_msp.o
LOAD ./Core/Src/stm32l4xx_hal_timebase_tim.o
LOAD ./Core/Src/stm32l4xx_it.o
LOAD ./Core/Src/syscalls.o
LOAD ./Core/Src/sysmem.o
LOAD ./Core/Src/system_stm32l4xx.o
LOAD ./Core/Startup/startup_stm32l475vgtx.o
LOAD ./Drivers/STM32L4xx_HAL_Driver/Src/stm32l4xx_hal.o
LOAD ./Drivers/STM32L4xx_HAL_Driver/Src/stm32l4xx_hal_cortex.o
LOAD ./Drivers/STM32L4xx_HAL_Driver/Src/stm32l4xx_hal_dfsdm.o
LOAD ./Drivers/STM32L4xx_HAL_Driver/Src/stm32l4xx_hal_dma.o
LOAD ./Drivers/STM32L4xx_HAL_Driver/Src/stm32l4xx_hal_dma_ex.o
LOAD ./Drivers/STM32L4xx_HAL_Driver/Src/stm32l4xx_hal_exti.o
LOAD ./Drivers/STM32L4xx_HAL_Driver/Src/stm32l4xx_hal_flash.o
LOAD ./Drivers/STM32L4xx_HAL_Driver/Src/stm32l4xx_hal_flash_ex.o
LOAD ./Drivers/STM32L4xx_HAL_Driver/Src/stm32l4xx_hal_flash_ramfunc.o
LOAD ./Drivers/STM32L4xx_HAL_Driver/Src/stm32l4xx_hal_gpio.o
LOAD ./Drivers/STM32L4xx_HAL_Driver/Src/stm32l4xx_hal_i2c.o
LOAD ./Drivers/STM32L4xx_HAL_Driver/Src/stm32l4xx_hal_i2c_ex.o
LOAD ./Drivers/STM32L4xx_HAL_Driver/Src/stm32l4xx_hal_pwr.o
LOAD ./Drivers/STM32L4xx_HAL_Driver/Src/stm32l4xx_hal_pwr_ex.o
LOAD ./Drivers/STM32L4xx_HAL_Driver/Src/stm32l4xx_hal_rcc.o
LOAD ./Drivers/STM32L4xx_HAL_Driver/Src/stm32l4xx_hal_rcc_ex.o
LOAD ./Drivers/STM32L4xx_HAL_Driver/Src/stm32l4xx_hal_tim.o
LOAD ./Drivers/STM32L4xx_HAL_Driver/Src/stm32l4xx_hal_tim_ex.o
LOAD ./Middlewares/Third_Party/FreeRTOS/Source/CMSIS_RTOS_V2/cmsis_os2.o
LOAD ./Middlewares/Third_Party/FreeRTOS/Source/croutine.o
LOAD ./Middlewares/Third_Party/FreeRTOS/Source/event_groups.o
LOAD ./Middlewares/Third_Party/FreeRTOS/Source/list.o
LOAD ./Middlewares/Third_Party/FreeRTOS/Source/queue.o
LOAD ./Middlewares/Third_Party/FreeRTOS/Source/stream_buffer.o
LOAD ./Middlewares/Third_Party/FreeRTOS/Source/tasks.o
LOAD ./Middlewares/Third_Party/FreeRTOS/Source/timers.o
LOAD ./Middlewares/Third_Party/FreeRTOS/Source/portable/GCC/ARM_CM4F/port.o
LOAD ./Middlewares/Third_Party/FreeRTOS/Source/portable/MemMang/heap_4.o
START GROUP
LOAD c:/st/stm32cubeide_1.8.0/stm32cubeide/plugins/com.st.stm32cube.ide.mcu.externaltools.gnu-tools-for-stm32.9-2020-q2-update.win32_2.0.0.202105311346/tools/bin/../lib/gcc/arm-none-eabi/9.3.1/../../../../arm-none-eabi/lib/thumb/v7e-m+fp/hard\libc_nano.a
LOAD c:/st/stm32cubeide_1.8.0/stm32cubeide/plugins/com.st.stm32cube.ide.mcu.externaltools.gnu-tools-for-stm32.9-2020-q2-update.win32_2.0.0.202105311346/tools/bin/../lib/gcc/arm-none-eabi/9.3.1/../../../../arm-none-eabi/lib/thumb/v7e-m+fp/hard\libm.a
END GROUP
START GROUP
LOAD c:/st/stm32cubeide_1.8.0/stm32cubeide/plugins/com.st.stm32cube.ide.mcu.externaltools.gnu-tools-for-stm32.9-2020-q2-update.win32_2.0.0.202105311346/tools/bin/../lib/gcc/arm-none-eabi/9.3.1/thumb/v7e-m+fp/hard\libgcc.a
LOAD c:/st/stm32cubeide_1.8.0/stm32cubeide/plugins/com.st.stm32cube.ide.mcu.externaltools.gnu-tools-for-stm32.9-2020-q2-update.win32_2.0.0.202105311346/tools/bin/../lib/gcc/arm-none-eabi/9.3.1/../../../../arm-none-eabi/lib/thumb/v7e-m+fp/hard\libc_nano.a
END GROUP
START GROUP
LOAD c:/st/stm32cubeide_1.8.0/stm32cubeide/plugins/com.st.stm32cube.ide.mcu.externaltools.gnu-tools-for-stm32.9-2020-q2-update.win32_2.0.0.202105311346/tools/bin/../lib/gcc/arm-none-eabi/9.3.1/thumb/v7e-m+fp/hard\libgcc.a
LOAD c:/st/stm32cubeide_1.8.0/stm32cubeide/plugins/com.st.stm32cube.ide.mcu.externaltools.gnu-tools-for-stm32.9-2020-q2-update.win32_2.0.0.202105311346/tools/bin/../lib/gcc/arm-none-eabi/9.3.1/../../../../arm-none-eabi/lib/thumb/v7e-m+fp/hard\libc_nano.a
LOAD c:/st/stm32cubeide_1.8.0/stm32cubeide/plugins/com.st.stm32cube.ide.mcu.externaltools.gnu-tools-for-stm32.9-2020-q2-update.win32_2.0.0.202105311346/tools/bin/../lib/gcc/arm-none-eabi/9.3.1/../../../../arm-none-eabi/lib/thumb/v7e-m+fp/hard\libnosys.a
END GROUP
START GROUP
LOAD c:/st/stm32cubeide_1.8.0/stm32cubeide/plugins/com.st.stm32cube.ide.mcu.externaltools.gnu-tools-for-stm32.9-2020-q2-update.win32_2.0.0.202105311346/tools/bin/../lib/gcc/arm-none-eabi/9.3.1/thumb/v7e-m+fp/hard\libgcc.a
LOAD c:/st/stm32cubeide_1.8.0/stm32cubeide/plugins/com.st.stm32cube.ide.mcu.externaltools.gnu-tools-for-stm32.9-2020-q2-update.win32_2.0.0.202105311346/tools/bin/../lib/gcc/arm-none-eabi/9.3.1/../../../../arm-none-eabi/lib/thumb/v7e-m+fp/hard\libc_nano.a
LOAD c:/st/stm32cubeide_1.8.0/stm32cubeide/plugins/com.st.stm32cube.ide.mcu.externaltools.gnu-tools-for-stm32.9-2020-q2-update.win32_2.0.0.202105311346/tools/bin/../lib/gcc/arm-none-eabi/9.3.1/../../../../arm-none-eabi/lib/thumb/v7e-m+fp/hard\libnosys.a
END GROUP
LOAD c:/st/stm32cubeide_1.8.0/stm32cubeide/plugins/com.st.stm32cube.ide.mcu.externaltools.gnu-tools-for-stm32.9-2020-q2-update.win32_2.0.0.202105311346/tools/bin/../lib/gcc/arm-none-eabi/9.3.1/thumb/v7e-m+fp/hard/crtend.o
LOAD c:/st/stm32cubeide_1.8.0/stm32cubeide/plugins/com.st.stm32cube.ide.mcu.externaltools.gnu-tools-for-stm32.9-2020-q2-update.win32_2.0.0.202105311346/tools/bin/../lib/gcc/arm-none-eabi/9.3.1/thumb/v7e-m+fp/hard/crtn.o
                0x0000000020018000                _estack = (ORIGIN (RAM) + LENGTH (RAM))
                0x0000000000000200                _Min_Heap_Size = 0x200
                0x0000000000000400                _Min_Stack_Size = 0x400

.isr_vector     0x0000000008000000      0x188
                0x0000000008000000                . = ALIGN (0x4)
 *(.isr_vector)
 .isr_vector    0x0000000008000000      0x188 ./Core/Startup/startup_stm32l475vgtx.o
                0x0000000008000000                g_pfnVectors
                0x0000000008000188                . = ALIGN (0x4)

.text           0x0000000008000190     0x96bc
                0x0000000008000190                . = ALIGN (0x4)
 *(.text)
 .text          0x0000000008000190       0x40 c:/st/stm32cubeide_1.8.0/stm32cubeide/plugins/com.st.stm32cube.ide.mcu.externaltools.gnu-tools-for-stm32.9-2020-q2-update.win32_2.0.0.202105311346/tools/bin/../lib/gcc/arm-none-eabi/9.3.1/thumb/v7e-m+fp/hard/crtbegin.o
 .text          0x00000000080001d0       0xa0 c:/st/stm32cubeide_1.8.0/stm32cubeide/plugins/com.st.stm32cube.ide.mcu.externaltools.gnu-tools-for-stm32.9-2020-q2-update.win32_2.0.0.202105311346/tools/bin/../lib/gcc/arm-none-eabi/9.3.1/../../../../arm-none-eabi/lib/thumb/v7e-m+fp/hard\libc_nano.a(lib_a-memchr.o)
                0x00000000080001d0                memchr
 *(.text*)
 .text.HAL_DFSDM_FilterMspInit
                0x0000000008000270      0x238 ./Core/Src/dfsdm.o
                0x0000000008000270                HAL_DFSDM_FilterMspInit
 .text.HAL_DFSDM_ChannelMspInit
                0x00000000080004a8      0x148 ./Core/Src/dfsdm.o
                0x00000000080004a8                HAL_DFSDM_ChannelMspInit
 .text.MX_DMA_Init
                0x00000000080005f0       0x4c ./Core/Src/dma.o
                0x00000000080005f0                MX_DMA_Init
 .text.MX_FREERTOS_Init
                0x000000000800063c       0x6c ./Core/Src/freertos.o
                0x000000000800063c                MX_FREERTOS_Init
 .text.StartDefaultTask
                0x00000000080006a8       0x10 ./Core/Src/freertos.o
                0x00000000080006a8                StartDefaultTask
 .text.test_out
                0x00000000080006b8       0x10 ./Core/Src/freertos.o
                0x00000000080006b8                test_out
 .text.taskTakeMic
                0x00000000080006c8       0x18 ./Core/Src/freertos.o
                0x00000000080006c8                taskTakeMic
 .text.MX_GPIO_Init
                0x00000000080006e0      0x164 ./Core/Src/gpio.o
                0x00000000080006e0                MX_GPIO_Init
 .text.mic_init
                0x0000000008000844       0x9c ./Core/Src/main.o
                0x0000000008000844                mic_init
 .text.main     0x00000000080008e0       0x44 ./Core/Src/main.o
                0x00000000080008e0                main
 .text.SystemClock_Config
                0x0000000008000924       0xa4 ./Core/Src/main.o
                0x0000000008000924                SystemClock_Config
 .text.HAL_TIM_PeriodElapsedCallback
                0x00000000080009c8       0x24 ./Core/Src/main.o
                0x00000000080009c8                HAL_TIM_PeriodElapsedCallback
 .text.Error_Handler
                0x00000000080009ec        0xa ./Core/Src/main.o
                0x00000000080009ec                Error_Handler
 *fill*         0x00000000080009f6        0x2 
 .text.init_buffer
                0x00000000080009f8       0x24 ./Core/Src/microphone.o
                0x00000000080009f8                init_buffer
 .text.target_audio_buffer_full
                0x0000000008000a1c       0x90 ./Core/Src/microphone.o
                0x0000000008000a1c                target_audio_buffer_full
 .text.BSP_AUDIO_IN_HalfTransfer_CallBack
                0x0000000008000aac       0x9c ./Core/Src/microphone.o
                0x0000000008000aac                BSP_AUDIO_IN_HalfTransfer_CallBack
 .text.BSP_AUDIO_IN_TransferComplete_CallBack
                0x0000000008000b48       0xa0 ./Core/Src/microphone.o
                0x0000000008000b48                BSP_AUDIO_IN_TransferComplete_CallBack
 .text.BSP_AUDIO_IN_Error_CallBack
                0x0000000008000be8       0x1c ./Core/Src/microphone.o
                0x0000000008000be8                BSP_AUDIO_IN_Error_CallBack
 .text.start_recording
                0x0000000008000c04       0x8c ./Core/Src/microphone.o
                0x0000000008000c04                start_recording
 .text.BSP_AUDIO_IN_Init
                0x0000000008000c90      0x98c ./Core/Src/stm32l475e_iot01_audio.o
                0x0000000008000c90                BSP_AUDIO_IN_Init
 .text.BSP_AUDIO_IN_Record
                0x000000000800161c      0x168 ./Core/Src/stm32l475e_iot01_audio.o
                0x000000000800161c                BSP_AUDIO_IN_Record
 .text.BSP_AUDIO_IN_Pause
                0x0000000008001784       0xac ./Core/Src/stm32l475e_iot01_audio.o
                0x0000000008001784                BSP_AUDIO_IN_Pause
 .text.BSP_AUDIO_IN_GetState
                0x0000000008001830       0x40 ./Core/Src/stm32l475e_iot01_audio.o
                0x0000000008001830                BSP_AUDIO_IN_GetState
 .text.BSP_AUDIO_IN_RegisterDefaultMspCallbacks
                0x0000000008001870      0x144 ./Core/Src/stm32l475e_iot01_audio.o
                0x0000000008001870                BSP_AUDIO_IN_RegisterDefaultMspCallbacks
 .text.MX_DFSDM1_Init
                0x00000000080019b4      0x106 ./Core/Src/stm32l475e_iot01_audio.o
                0x00000000080019b4                MX_DFSDM1_Init
 *fill*         0x0000000008001aba        0x2 
 .text.DFSDM_ChannelMspInit
                0x0000000008001abc       0xcc ./Core/Src/stm32l475e_iot01_audio.o
 .text.DFSDM_ChannelMspDeInit
                0x0000000008001b88       0x6c ./Core/Src/stm32l475e_iot01_audio.o
 .text.DFSDM_FilterMspInit
                0x0000000008001bf4      0x138 ./Core/Src/stm32l475e_iot01_audio.o
 .text.DFSDM_FilterMspDeInit
                0x0000000008001d2c       0x40 ./Core/Src/stm32l475e_iot01_audio.o
 .text.DFSDM_FilterRegConvCpltCallback
                0x0000000008001d6c      0x24c ./Core/Src/stm32l475e_iot01_audio.o
 .text.DFSDM_FilterRegConvHalfCpltCallback
                0x0000000008001fb8      0x24c ./Core/Src/stm32l475e_iot01_audio.o
 .text.DFSDM_FilterErrorCallback
                0x0000000008002204       0x16 ./Core/Src/stm32l475e_iot01_audio.o
 *fill*         0x000000000800221a        0x2 
 .text.DMA1_Channel4_IRQHandler
                0x000000000800221c       0x18 ./Core/Src/stm32l475e_iot01_irq_handler.o
                0x000000000800221c                DMA1_Channel4_IRQHandler
 .text.HAL_MspInit
                0x0000000008002234       0x50 ./Core/Src/stm32l4xx_hal_msp.o
                0x0000000008002234                HAL_MspInit
 .text.HAL_InitTick
                0x0000000008002284       0xac ./Core/Src/stm32l4xx_hal_timebase_tim.o
                0x0000000008002284                HAL_InitTick
 .text.NMI_Handler
                0x0000000008002330        0x6 ./Core/Src/stm32l4xx_it.o
                0x0000000008002330                NMI_Handler
 .text.HardFault_Handler
                0x0000000008002336        0x6 ./Core/Src/stm32l4xx_it.o
                0x0000000008002336                HardFault_Handler
 .text.MemManage_Handler
                0x000000000800233c        0x6 ./Core/Src/stm32l4xx_it.o
                0x000000000800233c                MemManage_Handler
 .text.BusFault_Handler
                0x0000000008002342        0x6 ./Core/Src/stm32l4xx_it.o
                0x0000000008002342                BusFault_Handler
 .text.UsageFault_Handler
                0x0000000008002348        0x6 ./Core/Src/stm32l4xx_it.o
                0x0000000008002348                UsageFault_Handler
 .text.DebugMon_Handler
                0x000000000800234e        0xe ./Core/Src/stm32l4xx_it.o
                0x000000000800234e                DebugMon_Handler
 .text.DMA1_Channel5_IRQHandler
                0x000000000800235c       0x14 ./Core/Src/stm32l4xx_it.o
                0x000000000800235c                DMA1_Channel5_IRQHandler
 .text.TIM1_UP_TIM16_IRQHandler
                0x0000000008002370       0x14 ./Core/Src/stm32l4xx_it.o
                0x0000000008002370                TIM1_UP_TIM16_IRQHandler
 .text._read    0x0000000008002384       0x3a ./Core/Src/syscalls.o
                0x0000000008002384                _read
 .text._write   0x00000000080023be       0x38 ./Core/Src/syscalls.o
                0x00000000080023be                _write
 .text._close   0x00000000080023f6       0x18 ./Core/Src/syscalls.o
                0x00000000080023f6                _close
 .text._fstat   0x000000000800240e       0x20 ./Core/Src/syscalls.o
                0x000000000800240e                _fstat
 .text._isatty  0x000000000800242e       0x16 ./Core/Src/syscalls.o
                0x000000000800242e                _isatty
 .text._lseek   0x0000000008002444       0x1a ./Core/Src/syscalls.o
                0x0000000008002444                _lseek
 *fill*         0x000000000800245e        0x2 
 .text._sbrk    0x0000000008002460       0x6c ./Core/Src/sysmem.o
                0x0000000008002460                _sbrk
 .text.SystemInit
                0x00000000080024cc       0x64 ./Core/Src/system_stm32l4xx.o
                0x00000000080024cc                SystemInit
 .text.Reset_Handler
                0x0000000008002530       0x50 ./Core/Startup/startup_stm32l475vgtx.o
                0x0000000008002530                Reset_Handler
 .text.Default_Handler
                0x0000000008002580        0x2 ./Core/Startup/startup_stm32l475vgtx.o
                0x0000000008002580                RTC_Alarm_IRQHandler
                0x0000000008002580                EXTI2_IRQHandler
                0x0000000008002580                TIM8_TRG_COM_IRQHandler
                0x0000000008002580                TIM8_CC_IRQHandler
                0x0000000008002580                TIM1_CC_IRQHandler
                0x0000000008002580                TSC_IRQHandler
                0x0000000008002580                TAMP_STAMP_IRQHandler
                0x0000000008002580                EXTI3_IRQHandler
                0x0000000008002580                LPTIM2_IRQHandler
                0x0000000008002580                DFSDM1_FLT1_IRQHandler
                0x0000000008002580                I2C3_ER_IRQHandler
                0x0000000008002580                DFSDM1_FLT2_IRQHandler
                0x0000000008002580                EXTI0_IRQHandler
                0x0000000008002580                I2C2_EV_IRQHandler
                0x0000000008002580                CAN1_RX0_IRQHandler
                0x0000000008002580                FPU_IRQHandler
                0x0000000008002580                ADC1_2_IRQHandler
                0x0000000008002580                SPI1_IRQHandler
                0x0000000008002580                TIM6_DAC_IRQHandler
                0x0000000008002580                TIM8_UP_IRQHandler
                0x0000000008002580                DMA2_Channel2_IRQHandler
                0x0000000008002580                SAI2_IRQHandler
                0x0000000008002580                DFSDM1_FLT3_IRQHandler
                0x0000000008002580                USART3_IRQHandler
                0x0000000008002580                DMA1_Channel7_IRQHandler
                0x0000000008002580                CAN1_RX1_IRQHandler
                0x0000000008002580                UART5_IRQHandler
                0x0000000008002580                ADC3_IRQHandler
                0x0000000008002580                TIM4_IRQHandler
                0x0000000008002580                DMA2_Channel1_IRQHandler
                0x0000000008002580                QUADSPI_IRQHandler
                0x0000000008002580                I2C1_EV_IRQHandler
                0x0000000008002580                DMA1_Channel6_IRQHandler
                0x0000000008002580                UART4_IRQHandler
                0x0000000008002580                DMA2_Channel4_IRQHandler
                0x0000000008002580                TIM3_IRQHandler
                0x0000000008002580                RCC_IRQHandler
                0x0000000008002580                DMA1_Channel1_IRQHandler
                0x0000000008002580                Default_Handler
                0x0000000008002580                DMA2_Channel7_IRQHandler
                0x0000000008002580                EXTI15_10_IRQHandler
                0x0000000008002580                TIM7_IRQHandler
                0x0000000008002580                SDMMC1_IRQHandler
                0x0000000008002580                TIM5_IRQHandler
                0x0000000008002580                I2C3_EV_IRQHandler
                0x0000000008002580                EXTI9_5_IRQHandler
                0x0000000008002580                RTC_WKUP_IRQHandler
                0x0000000008002580                PVD_PVM_IRQHandler
                0x0000000008002580                SPI2_IRQHandler
                0x0000000008002580                CAN1_TX_IRQHandler
                0x0000000008002580                DMA2_Channel5_IRQHandler
                0x0000000008002580                EXTI4_IRQHandler
                0x0000000008002580                RNG_IRQHandler
                0x0000000008002580                TIM1_TRG_COM_TIM17_IRQHandler
                0x0000000008002580                DMA1_Channel3_IRQHandler
                0x0000000008002580                COMP_IRQHandler
                0x0000000008002580                WWDG_IRQHandler
                0x0000000008002580                LPUART1_IRQHandler
                0x0000000008002580                DMA2_Channel6_IRQHandler
                0x0000000008002580                TIM2_IRQHandler
                0x0000000008002580                EXTI1_IRQHandler
                0x0000000008002580                USART2_IRQHandler
                0x0000000008002580                DFSDM1_FLT0_IRQHandler
                0x0000000008002580                I2C2_ER_IRQHandler
                0x0000000008002580                DMA1_Channel2_IRQHandler
                0x0000000008002580                TIM8_BRK_IRQHandler
                0x0000000008002580                CAN1_SCE_IRQHandler
                0x0000000008002580                FLASH_IRQHandler
                0x0000000008002580                USART1_IRQHandler
                0x0000000008002580                OTG_FS_IRQHandler
                0x0000000008002580                SPI3_IRQHandler
                0x0000000008002580                I2C1_ER_IRQHandler
                0x0000000008002580                FMC_IRQHandler
                0x0000000008002580                SWPMI1_IRQHandler
                0x0000000008002580                LPTIM1_IRQHandler
                0x0000000008002580                SAI1_IRQHandler
                0x0000000008002580                DMA2_Channel3_IRQHandler
                0x0000000008002580                TIM1_BRK_TIM15_IRQHandler
 .text.HAL_Init
                0x0000000008002582       0x30 ./Drivers/STM32L4xx_HAL_Driver/Src/stm32l4xx_hal.o
                0x0000000008002582                HAL_Init
 *fill*         0x00000000080025b2        0x2 
 .text.HAL_IncTick
                0x00000000080025b4       0x28 ./Drivers/STM32L4xx_HAL_Driver/Src/stm32l4xx_hal.o
                0x00000000080025b4                HAL_IncTick
 .text.HAL_GetTick
                0x00000000080025dc       0x18 ./Drivers/STM32L4xx_HAL_Driver/Src/stm32l4xx_hal.o
                0x00000000080025dc                HAL_GetTick
 .text.__NVIC_SetPriorityGrouping
                0x00000000080025f4       0x48 ./Drivers/STM32L4xx_HAL_Driver/Src/stm32l4xx_hal_cortex.o
 .text.__NVIC_GetPriorityGrouping
                0x000000000800263c       0x1c ./Drivers/STM32L4xx_HAL_Driver/Src/stm32l4xx_hal_cortex.o
 .text.__NVIC_EnableIRQ
                0x0000000008002658       0x3c ./Drivers/STM32L4xx_HAL_Driver/Src/stm32l4xx_hal_cortex.o
 .text.__NVIC_DisableIRQ
                0x0000000008002694       0x48 ./Drivers/STM32L4xx_HAL_Driver/Src/stm32l4xx_hal_cortex.o
 .text.__NVIC_SetPriority
                0x00000000080026dc       0x54 ./Drivers/STM32L4xx_HAL_Driver/Src/stm32l4xx_hal_cortex.o
 .text.NVIC_EncodePriority
                0x0000000008002730       0x66 ./Drivers/STM32L4xx_HAL_Driver/Src/stm32l4xx_hal_cortex.o
 .text.HAL_NVIC_SetPriorityGrouping
                0x0000000008002796       0x16 ./Drivers/STM32L4xx_HAL_Driver/Src/stm32l4xx_hal_cortex.o
                0x0000000008002796                HAL_NVIC_SetPriorityGrouping
 .text.HAL_NVIC_SetPriority
                0x00000000080027ac       0x38 ./Drivers/STM32L4xx_HAL_Driver/Src/stm32l4xx_hal_cortex.o
                0x00000000080027ac                HAL_NVIC_SetPriority
 .text.HAL_NVIC_EnableIRQ
                0x00000000080027e4       0x1c ./Drivers/STM32L4xx_HAL_Driver/Src/stm32l4xx_hal_cortex.o
                0x00000000080027e4                HAL_NVIC_EnableIRQ
 .text.HAL_NVIC_DisableIRQ
                0x0000000008002800       0x1c ./Drivers/STM32L4xx_HAL_Driver/Src/stm32l4xx_hal_cortex.o
                0x0000000008002800                HAL_NVIC_DisableIRQ
 .text.HAL_DFSDM_ChannelInit
                0x000000000800281c      0x1a8 ./Drivers/STM32L4xx_HAL_Driver/Src/stm32l4xx_hal_dfsdm.o
                0x000000000800281c                HAL_DFSDM_ChannelInit
 .text.HAL_DFSDM_Channel_RegisterCallback
                0x00000000080029c4       0xa8 ./Drivers/STM32L4xx_HAL_Driver/Src/stm32l4xx_hal_dfsdm.o
                0x00000000080029c4                HAL_DFSDM_Channel_RegisterCallback
 .text.HAL_DFSDM_ChannelCkabCallback
                0x0000000008002a6c       0x14 ./Drivers/STM32L4xx_HAL_Driver/Src/stm32l4xx_hal_dfsdm.o
                0x0000000008002a6c                HAL_DFSDM_ChannelCkabCallback
 .text.HAL_DFSDM_ChannelScdCallback
                0x0000000008002a80       0x14 ./Drivers/STM32L4xx_HAL_Driver/Src/stm32l4xx_hal_dfsdm.o
                0x0000000008002a80                HAL_DFSDM_ChannelScdCallback
 .text.HAL_DFSDM_FilterInit
                0x0000000008002a94      0x204 ./Drivers/STM32L4xx_HAL_Driver/Src/stm32l4xx_hal_dfsdm.o
                0x0000000008002a94                HAL_DFSDM_FilterInit
 .text.HAL_DFSDM_Filter_RegisterCallback
                0x0000000008002c98       0xe8 ./Drivers/STM32L4xx_HAL_Driver/Src/stm32l4xx_hal_dfsdm.o
                0x0000000008002c98                HAL_DFSDM_Filter_RegisterCallback
 .text.HAL_DFSDM_FilterConfigRegChannel
                0x0000000008002d80       0x8a ./Drivers/STM32L4xx_HAL_Driver/Src/stm32l4xx_hal_dfsdm.o
                0x0000000008002d80                HAL_DFSDM_FilterConfigRegChannel
 *fill*         0x0000000008002e0a        0x2 
 .text.HAL_DFSDM_FilterRegularStart_DMA
                0x0000000008002e0c      0x104 ./Drivers/STM32L4xx_HAL_Driver/Src/stm32l4xx_hal_dfsdm.o
                0x0000000008002e0c                HAL_DFSDM_FilterRegularStart_DMA
 .text.HAL_DFSDM_FilterRegularStop_DMA
                0x0000000008002f10       0x40 ./Drivers/STM32L4xx_HAL_Driver/Src/stm32l4xx_hal_dfsdm.o
                0x0000000008002f10                HAL_DFSDM_FilterRegularStop_DMA
 .text.HAL_DFSDM_FilterRegConvCpltCallback
                0x0000000008002f50       0x14 ./Drivers/STM32L4xx_HAL_Driver/Src/stm32l4xx_hal_dfsdm.o
                0x0000000008002f50                HAL_DFSDM_FilterRegConvCpltCallback
 .text.HAL_DFSDM_FilterRegConvHalfCpltCallback
                0x0000000008002f64       0x14 ./Drivers/STM32L4xx_HAL_Driver/Src/stm32l4xx_hal_dfsdm.o
                0x0000000008002f64                HAL_DFSDM_FilterRegConvHalfCpltCallback
 .text.HAL_DFSDM_FilterInjConvCpltCallback
                0x0000000008002f78       0x14 ./Drivers/STM32L4xx_HAL_Driver/Src/stm32l4xx_hal_dfsdm.o
                0x0000000008002f78                HAL_DFSDM_FilterInjConvCpltCallback
 .text.HAL_DFSDM_FilterInjConvHalfCpltCallback
                0x0000000008002f8c       0x14 ./Drivers/STM32L4xx_HAL_Driver/Src/stm32l4xx_hal_dfsdm.o
                0x0000000008002f8c                HAL_DFSDM_FilterInjConvHalfCpltCallback
 .text.HAL_DFSDM_FilterAwdCallback
                0x0000000008002fa0       0x18 ./Drivers/STM32L4xx_HAL_Driver/Src/stm32l4xx_hal_dfsdm.o
                0x0000000008002fa0                HAL_DFSDM_FilterAwdCallback
 .text.HAL_DFSDM_FilterErrorCallback
                0x0000000008002fb8       0x14 ./Drivers/STM32L4xx_HAL_Driver/Src/stm32l4xx_hal_dfsdm.o
                0x0000000008002fb8                HAL_DFSDM_FilterErrorCallback
 .text.DFSDM_DMARegularHalfConvCplt
                0x0000000008002fcc       0x1e ./Drivers/STM32L4xx_HAL_Driver/Src/stm32l4xx_hal_dfsdm.o
 .text.DFSDM_DMARegularConvCplt
                0x0000000008002fea       0x1e ./Drivers/STM32L4xx_HAL_Driver/Src/stm32l4xx_hal_dfsdm.o
 .text.DFSDM_DMAError
                0x0000000008003008       0x24 ./Drivers/STM32L4xx_HAL_Driver/Src/stm32l4xx_hal_dfsdm.o
 .text.DFSDM_GetChannelFromInstance
                0x000000000800302c       0x98 ./Drivers/STM32L4xx_HAL_Driver/Src/stm32l4xx_hal_dfsdm.o
 .text.DFSDM_RegConvStart
                0x00000000080030c4       0xac ./Drivers/STM32L4xx_HAL_Driver/Src/stm32l4xx_hal_dfsdm.o
 .text.DFSDM_RegConvStop
                0x0000000008003170       0x9a ./Drivers/STM32L4xx_HAL_Driver/Src/stm32l4xx_hal_dfsdm.o
 *fill*         0x000000000800320a        0x2 
 .text.HAL_DMA_Init
                0x000000000800320c      0x170 ./Drivers/STM32L4xx_HAL_Driver/Src/stm32l4xx_hal_dma.o
                0x000000000800320c                HAL_DMA_Init
 .text.HAL_DMA_DeInit
                0x000000000800337c      0x124 ./Drivers/STM32L4xx_HAL_Driver/Src/stm32l4xx_hal_dma.o
                0x000000000800337c                HAL_DMA_DeInit
 .text.HAL_DMA_Start_IT
                0x00000000080034a0       0xc0 ./Drivers/STM32L4xx_HAL_Driver/Src/stm32l4xx_hal_dma.o
                0x00000000080034a0                HAL_DMA_Start_IT
 .text.HAL_DMA_Abort
                0x0000000008003560       0x7c ./Drivers/STM32L4xx_HAL_Driver/Src/stm32l4xx_hal_dma.o
                0x0000000008003560                HAL_DMA_Abort
 .text.HAL_DMA_IRQHandler
                0x00000000080035dc      0x15e ./Drivers/STM32L4xx_HAL_Driver/Src/stm32l4xx_hal_dma.o
                0x00000000080035dc                HAL_DMA_IRQHandler
 .text.DMA_SetConfig
                0x000000000800373a       0x60 ./Drivers/STM32L4xx_HAL_Driver/Src/stm32l4xx_hal_dma.o
 *fill*         0x000000000800379a        0x2 
 .text.HAL_GPIO_Init
                0x000000000800379c      0x354 ./Drivers/STM32L4xx_HAL_Driver/Src/stm32l4xx_hal_gpio.o
                0x000000000800379c                HAL_GPIO_Init
 .text.HAL_GPIO_DeInit
                0x0000000008003af0      0x1e8 ./Drivers/STM32L4xx_HAL_Driver/Src/stm32l4xx_hal_gpio.o
                0x0000000008003af0                HAL_GPIO_DeInit
 .text.HAL_PWREx_GetVoltageRange
                0x0000000008003cd8       0x1c ./Drivers/STM32L4xx_HAL_Driver/Src/stm32l4xx_hal_pwr_ex.o
                0x0000000008003cd8                HAL_PWREx_GetVoltageRange
 .text.HAL_PWREx_ControlVoltageScaling
                0x0000000008003cf4       0xac ./Drivers/STM32L4xx_HAL_Driver/Src/stm32l4xx_hal_pwr_ex.o
                0x0000000008003cf4                HAL_PWREx_ControlVoltageScaling
 .text.HAL_RCC_OscConfig
                0x0000000008003da0      0x7cc ./Drivers/STM32L4xx_HAL_Driver/Src/stm32l4xx_hal_rcc.o
                0x0000000008003da0                HAL_RCC_OscConfig
 .text.HAL_RCC_ClockConfig
                0x000000000800456c      0x1c4 ./Drivers/STM32L4xx_HAL_Driver/Src/stm32l4xx_hal_rcc.o
                0x000000000800456c                HAL_RCC_ClockConfig
 .text.HAL_RCC_GetSysClockFreq
                0x0000000008004730      0x118 ./Drivers/STM32L4xx_HAL_Driver/Src/stm32l4xx_hal_rcc.o
                0x0000000008004730                HAL_RCC_GetSysClockFreq
 .text.HAL_RCC_GetHCLKFreq
                0x0000000008004848       0x18 ./Drivers/STM32L4xx_HAL_Driver/Src/stm32l4xx_hal_rcc.o
                0x0000000008004848                HAL_RCC_GetHCLKFreq
 .text.HAL_RCC_GetPCLK2Freq
                0x0000000008004860       0x2c ./Drivers/STM32L4xx_HAL_Driver/Src/stm32l4xx_hal_rcc.o
                0x0000000008004860                HAL_RCC_GetPCLK2Freq
 .text.HAL_RCC_GetClockConfig
                0x000000000800488c       0x64 ./Drivers/STM32L4xx_HAL_Driver/Src/stm32l4xx_hal_rcc.o
                0x000000000800488c                HAL_RCC_GetClockConfig
 .text.RCC_SetFlashLatencyFromMSIRange
                0x00000000080048f0       0xc0 ./Drivers/STM32L4xx_HAL_Driver/Src/stm32l4xx_hal_rcc.o
 .text.HAL_RCCEx_PeriphCLKConfig
                0x00000000080049b0      0x5d4 ./Drivers/STM32L4xx_HAL_Driver/Src/stm32l4xx_hal_rcc_ex.o
                0x00000000080049b0                HAL_RCCEx_PeriphCLKConfig
 .text.RCCEx_PLLSAI1_Config
                0x0000000008004f84      0x1e8 ./Drivers/STM32L4xx_HAL_Driver/Src/stm32l4xx_hal_rcc_ex.o
 .text.RCCEx_PLLSAI2_Config
                0x000000000800516c      0x1bc ./Drivers/STM32L4xx_HAL_Driver/Src/stm32l4xx_hal_rcc_ex.o
 .text.HAL_TIM_Base_Init
                0x0000000008005328       0xae ./Drivers/STM32L4xx_HAL_Driver/Src/stm32l4xx_hal_tim.o
                0x0000000008005328                HAL_TIM_Base_Init
 .text.HAL_TIM_Base_MspInit
                0x00000000080053d6       0x14 ./Drivers/STM32L4xx_HAL_Driver/Src/stm32l4xx_hal_tim.o
                0x00000000080053d6                HAL_TIM_Base_MspInit
 *fill*         0x00000000080053ea        0x2 
 .text.HAL_TIM_Base_Start_IT
                0x00000000080053ec       0xe0 ./Drivers/STM32L4xx_HAL_Driver/Src/stm32l4xx_hal_tim.o
                0x00000000080053ec                HAL_TIM_Base_Start_IT
 .text.HAL_TIM_IRQHandler
                0x00000000080054cc      0x23e ./Drivers/STM32L4xx_HAL_Driver/Src/stm32l4xx_hal_tim.o
                0x00000000080054cc                HAL_TIM_IRQHandler
 .text.HAL_TIM_OC_DelayElapsedCallback
                0x000000000800570a       0x14 ./Drivers/STM32L4xx_HAL_Driver/Src/stm32l4xx_hal_tim.o
                0x000000000800570a                HAL_TIM_OC_DelayElapsedCallback
 .text.HAL_TIM_IC_CaptureCallback
                0x000000000800571e       0x14 ./Drivers/STM32L4xx_HAL_Driver/Src/stm32l4xx_hal_tim.o
                0x000000000800571e                HAL_TIM_IC_CaptureCallback
 .text.HAL_TIM_PWM_PulseFinishedCallback
                0x0000000008005732       0x14 ./Drivers/STM32L4xx_HAL_Driver/Src/stm32l4xx_hal_tim.o
                0x0000000008005732                HAL_TIM_PWM_PulseFinishedCallback
 .text.HAL_TIM_TriggerCallback
                0x0000000008005746       0x14 ./Drivers/STM32L4xx_HAL_Driver/Src/stm32l4xx_hal_tim.o
                0x0000000008005746                HAL_TIM_TriggerCallback
 *fill*         0x000000000800575a        0x2 
 .text.TIM_Base_SetConfig
                0x000000000800575c      0x134 ./Drivers/STM32L4xx_HAL_Driver/Src/stm32l4xx_hal_tim.o
                0x000000000800575c                TIM_Base_SetConfig
 .text.HAL_TIMEx_CommutCallback
                0x0000000008005890       0x14 ./Drivers/STM32L4xx_HAL_Driver/Src/stm32l4xx_hal_tim_ex.o
                0x0000000008005890                HAL_TIMEx_CommutCallback
 .text.HAL_TIMEx_BreakCallback
                0x00000000080058a4       0x14 ./Drivers/STM32L4xx_HAL_Driver/Src/stm32l4xx_hal_tim_ex.o
                0x00000000080058a4                HAL_TIMEx_BreakCallback
 .text.HAL_TIMEx_Break2Callback
                0x00000000080058b8       0x14 ./Drivers/STM32L4xx_HAL_Driver/Src/stm32l4xx_hal_tim_ex.o
                0x00000000080058b8                HAL_TIMEx_Break2Callback
 .text.__NVIC_SetPriority
                0x00000000080058cc       0x54 ./Middlewares/Third_Party/FreeRTOS/Source/CMSIS_RTOS_V2/cmsis_os2.o
 .text.SysTick_Handler
                0x0000000008005920       0x20 ./Middlewares/Third_Party/FreeRTOS/Source/CMSIS_RTOS_V2/cmsis_os2.o
                0x0000000008005920                SysTick_Handler
 .text.SVC_Setup
                0x0000000008005940       0x12 ./Middlewares/Third_Party/FreeRTOS/Source/CMSIS_RTOS_V2/cmsis_os2.o
 *fill*         0x0000000008005952        0x2 
 .text.osKernelInitialize
                0x0000000008005954       0x48 ./Middlewares/Third_Party/FreeRTOS/Source/CMSIS_RTOS_V2/cmsis_os2.o
                0x0000000008005954                osKernelInitialize
 .text.osKernelStart
                0x000000000800599c       0x4c ./Middlewares/Third_Party/FreeRTOS/Source/CMSIS_RTOS_V2/cmsis_os2.o
                0x000000000800599c                osKernelStart
 .text.osThreadNew
                0x00000000080059e8      0x124 ./Middlewares/Third_Party/FreeRTOS/Source/CMSIS_RTOS_V2/cmsis_os2.o
                0x00000000080059e8                osThreadNew
 .text.osDelay  0x0000000008005b0c       0x36 ./Middlewares/Third_Party/FreeRTOS/Source/CMSIS_RTOS_V2/cmsis_os2.o
                0x0000000008005b0c                osDelay
 .text.osMutexNew
                0x0000000008005b42      0x10c ./Middlewares/Third_Party/FreeRTOS/Source/CMSIS_RTOS_V2/cmsis_os2.o
                0x0000000008005b42                osMutexNew
 *fill*         0x0000000008005c4e        0x2 
 .text.vApplicationGetIdleTaskMemory
                0x0000000008005c50       0x34 ./Middlewares/Third_Party/FreeRTOS/Source/CMSIS_RTOS_V2/cmsis_os2.o
                0x0000000008005c50                vApplicationGetIdleTaskMemory
 .text.vApplicationGetTimerTaskMemory
                0x0000000008005c84       0x34 ./Middlewares/Third_Party/FreeRTOS/Source/CMSIS_RTOS_V2/cmsis_os2.o
                0x0000000008005c84                vApplicationGetTimerTaskMemory
 .text.vListInitialise
                0x0000000008005cb8       0x40 ./Middlewares/Third_Party/FreeRTOS/Source/list.o
                0x0000000008005cb8                vListInitialise
 .text.vListInitialiseItem
                0x0000000008005cf8       0x1a ./Middlewares/Third_Party/FreeRTOS/Source/list.o
                0x0000000008005cf8                vListInitialiseItem
 .text.vListInsertEnd
                0x0000000008005d12       0x48 ./Middlewares/Third_Party/FreeRTOS/Source/list.o
                0x0000000008005d12                vListInsertEnd
 .text.vListInsert
                0x0000000008005d5a       0x72 ./Middlewares/Third_Party/FreeRTOS/Source/list.o
                0x0000000008005d5a                vListInsert
 .text.uxListRemove
                0x0000000008005dcc       0x54 ./Middlewares/Third_Party/FreeRTOS/Source/list.o
                0x0000000008005dcc                uxListRemove
 .text.xQueueGenericReset
                0x0000000008005e20       0xd0 ./Middlewares/Third_Party/FreeRTOS/Source/queue.o
                0x0000000008005e20                xQueueGenericReset
 .text.xQueueGenericCreateStatic
                0x0000000008005ef0       0xf0 ./Middlewares/Third_Party/FreeRTOS/Source/queue.o
                0x0000000008005ef0                xQueueGenericCreateStatic
 .text.xQueueGenericCreate
                0x0000000008005fe0       0x74 ./Middlewares/Third_Party/FreeRTOS/Source/queue.o
                0x0000000008005fe0                xQueueGenericCreate
 .text.prvInitialiseNewQueue
                0x0000000008006054       0x46 ./Middlewares/Third_Party/FreeRTOS/Source/queue.o
 .text.prvInitialiseMutex
                0x000000000800609a       0x34 ./Middlewares/Third_Party/FreeRTOS/Source/queue.o
 .text.xQueueCreateMutex
                0x00000000080060ce       0x30 ./Middlewares/Third_Party/FreeRTOS/Source/queue.o
                0x00000000080060ce                xQueueCreateMutex
 .text.xQueueCreateMutexStatic
                0x00000000080060fe       0x36 ./Middlewares/Third_Party/FreeRTOS/Source/queue.o
                0x00000000080060fe                xQueueCreateMutexStatic
 .text.xQueueGenericSend
                0x0000000008006134      0x1fc ./Middlewares/Third_Party/FreeRTOS/Source/queue.o
                0x0000000008006134                xQueueGenericSend
 .text.xQueueGenericSendFromISR
                0x0000000008006330      0x136 ./Middlewares/Third_Party/FreeRTOS/Source/queue.o
                0x0000000008006330                xQueueGenericSendFromISR
 *fill*         0x0000000008006466        0x2 
 .text.xQueueReceive
                0x0000000008006468      0x1c0 ./Middlewares/Third_Party/FreeRTOS/Source/queue.o
                0x0000000008006468                xQueueReceive
 .text.prvCopyDataToQueue
                0x0000000008006628       0xd4 ./Middlewares/Third_Party/FreeRTOS/Source/queue.o
 .text.prvCopyDataFromQueue
                0x00000000080066fc       0x4c ./Middlewares/Third_Party/FreeRTOS/Source/queue.o
 .text.prvUnlockQueue
                0x0000000008006748       0xa4 ./Middlewares/Third_Party/FreeRTOS/Source/queue.o
 .text.prvIsQueueEmpty
                0x00000000080067ec       0x2c ./Middlewares/Third_Party/FreeRTOS/Source/queue.o
 .text.prvIsQueueFull
                0x0000000008006818       0x30 ./Middlewares/Third_Party/FreeRTOS/Source/queue.o
 .text.vQueueAddToRegistry
                0x0000000008006848       0x54 ./Middlewares/Third_Party/FreeRTOS/Source/queue.o
                0x0000000008006848                vQueueAddToRegistry
 .text.vQueueWaitForMessageRestricted
                0x000000000800689c       0x68 ./Middlewares/Third_Party/FreeRTOS/Source/queue.o
                0x000000000800689c                vQueueWaitForMessageRestricted
 .text.xTaskCreateStatic
                0x0000000008006904       0xba ./Middlewares/Third_Party/FreeRTOS/Source/tasks.o
                0x0000000008006904                xTaskCreateStatic
 .text.xTaskCreate
                0x00000000080069be       0x8a ./Middlewares/Third_Party/FreeRTOS/Source/tasks.o
                0x00000000080069be                xTaskCreate
 .text.prvInitialiseNewTask
                0x0000000008006a48      0x14c ./Middlewares/Third_Party/FreeRTOS/Source/tasks.o
 .text.prvAddNewTaskToReadyList
                0x0000000008006b94       0xe0 ./Middlewares/Third_Party/FreeRTOS/Source/tasks.o
 .text.vTaskDelay
                0x0000000008006c74       0x68 ./Middlewares/Third_Party/FreeRTOS/Source/tasks.o
                0x0000000008006c74                vTaskDelay
 .text.vTaskStartScheduler
                0x0000000008006cdc       0xe0 ./Middlewares/Third_Party/FreeRTOS/Source/tasks.o
                0x0000000008006cdc                vTaskStartScheduler
 .text.vTaskSuspendAll
                0x0000000008006dbc       0x1c ./Middlewares/Third_Party/FreeRTOS/Source/tasks.o
                0x0000000008006dbc                vTaskSuspendAll
 .text.xTaskResumeAll
                0x0000000008006dd8      0x13c ./Middlewares/Third_Party/FreeRTOS/Source/tasks.o
                0x0000000008006dd8                xTaskResumeAll
 .text.xTaskGetTickCount
                0x0000000008006f14       0x20 ./Middlewares/Third_Party/FreeRTOS/Source/tasks.o
                0x0000000008006f14                xTaskGetTickCount
 .text.xTaskIncrementTick
                0x0000000008006f34      0x174 ./Middlewares/Third_Party/FreeRTOS/Source/tasks.o
                0x0000000008006f34                xTaskIncrementTick
 .text.vTaskSwitchContext
                0x00000000080070a8       0xc8 ./Middlewares/Third_Party/FreeRTOS/Source/tasks.o
                0x00000000080070a8                vTaskSwitchContext
 .text.vTaskPlaceOnEventList
                0x0000000008007170       0x48 ./Middlewares/Third_Party/FreeRTOS/Source/tasks.o
                0x0000000008007170                vTaskPlaceOnEventList
 .text.vTaskPlaceOnEventListRestricted
                0x00000000080071b8       0x58 ./Middlewares/Third_Party/FreeRTOS/Source/tasks.o
                0x00000000080071b8                vTaskPlaceOnEventListRestricted
 .text.xTaskRemoveFromEventList
                0x0000000008007210       0xc8 ./Middlewares/Third_Party/FreeRTOS/Source/tasks.o
                0x0000000008007210                xTaskRemoveFromEventList
 .text.vTaskInternalSetTimeOutState
                0x00000000080072d8       0x2c ./Middlewares/Third_Party/FreeRTOS/Source/tasks.o
                0x00000000080072d8                vTaskInternalSetTimeOutState
 .text.xTaskCheckForTimeOut
                0x0000000008007304       0xc4 ./Middlewares/Third_Party/FreeRTOS/Source/tasks.o
                0x0000000008007304                xTaskCheckForTimeOut
 .text.vTaskMissedYield
                0x00000000080073c8       0x18 ./Middlewares/Third_Party/FreeRTOS/Source/tasks.o
                0x00000000080073c8                vTaskMissedYield
 .text.prvIdleTask
                0x00000000080073e0       0x30 ./Middlewares/Third_Party/FreeRTOS/Source/tasks.o
 .text.prvInitialiseTaskLists
                0x0000000008007410       0x80 ./Middlewares/Third_Party/FreeRTOS/Source/tasks.o
 .text.prvCheckTasksWaitingTermination
                0x0000000008007490       0x5c ./Middlewares/Third_Party/FreeRTOS/Source/tasks.o
 .text.prvDeleteTCB
                0x00000000080074ec       0x68 ./Middlewares/Third_Party/FreeRTOS/Source/tasks.o
 .text.prvResetNextTaskUnblockTime
                0x0000000008007554       0x40 ./Middlewares/Third_Party/FreeRTOS/Source/tasks.o
 .text.xTaskGetSchedulerState
                0x0000000008007594       0x3c ./Middlewares/Third_Party/FreeRTOS/Source/tasks.o
                0x0000000008007594                xTaskGetSchedulerState
 .text.xTaskPriorityDisinherit
                0x00000000080075d0       0xdc ./Middlewares/Third_Party/FreeRTOS/Source/tasks.o
                0x00000000080075d0                xTaskPriorityDisinherit
 .text.prvAddCurrentTaskToDelayedList
                0x00000000080076ac       0xa8 ./Middlewares/Third_Party/FreeRTOS/Source/tasks.o
 .text.xTimerCreateTimerTask
                0x0000000008007754       0x90 ./Middlewares/Third_Party/FreeRTOS/Source/timers.o
                0x0000000008007754                xTimerCreateTimerTask
 .text.xTimerGenericCommand
                0x00000000080077e4       0x9c ./Middlewares/Third_Party/FreeRTOS/Source/timers.o
                0x00000000080077e4                xTimerGenericCommand
 .text.prvProcessExpiredTimer
                0x0000000008007880       0x98 ./Middlewares/Third_Party/FreeRTOS/Source/timers.o
 .text.prvTimerTask
                0x0000000008007918       0x24 ./Middlewares/Third_Party/FreeRTOS/Source/timers.o
 .text.prvProcessTimerOrBlockTask
                0x000000000800793c       0x9c ./Middlewares/Third_Party/FreeRTOS/Source/timers.o
 .text.prvGetNextExpireTime
                0x00000000080079d8       0x48 ./Middlewares/Third_Party/FreeRTOS/Source/timers.o
 .text.prvSampleTimeNow
                0x0000000008007a20       0x40 ./Middlewares/Third_Party/FreeRTOS/Source/timers.o
 .text.prvInsertTimerInActiveList
                0x0000000008007a60       0x84 ./Middlewares/Third_Party/FreeRTOS/Source/timers.o
 .text.prvProcessReceivedCommands
                0x0000000008007ae4      0x1c4 ./Middlewares/Third_Party/FreeRTOS/Source/timers.o
 .text.prvSwitchTimerLists
                0x0000000008007ca8       0xc8 ./Middlewares/Third_Party/FreeRTOS/Source/timers.o
 .text.prvCheckForValidListAndQueue
                0x0000000008007d70       0x80 ./Middlewares/Third_Party/FreeRTOS/Source/timers.o
 .text.pxPortInitialiseStack
                0x0000000008007df0       0x68 ./Middlewares/Third_Party/FreeRTOS/Source/portable/GCC/ARM_CM4F/port.o
                0x0000000008007df0                pxPortInitialiseStack
 .text.prvTaskExitError
                0x0000000008007e58       0x58 ./Middlewares/Third_Party/FreeRTOS/Source/portable/GCC/ARM_CM4F/port.o
 .text.SVC_Handler
                0x0000000008007eb0       0x28 ./Middlewares/Third_Party/FreeRTOS/Source/portable/GCC/ARM_CM4F/port.o
                0x0000000008007eb0                SVC_Handler
 .text.prvPortStartFirstTask
                0x0000000008007ed8       0x28 ./Middlewares/Third_Party/FreeRTOS/Source/portable/GCC/ARM_CM4F/port.o
 .text.xPortStartScheduler
                0x0000000008007f00      0x144 ./Middlewares/Third_Party/FreeRTOS/Source/portable/GCC/ARM_CM4F/port.o
                0x0000000008007f00                xPortStartScheduler
 .text.vPortEnterCritical
                0x0000000008008044       0x60 ./Middlewares/Third_Party/FreeRTOS/Source/portable/GCC/ARM_CM4F/port.o
                0x0000000008008044                vPortEnterCritical
 .text.vPortExitCritical
                0x00000000080080a4       0x54 ./Middlewares/Third_Party/FreeRTOS/Source/portable/GCC/ARM_CM4F/port.o
                0x00000000080080a4                vPortExitCritical
 *fill*         0x00000000080080f8        0x8 
 .text.PendSV_Handler
                0x0000000008008100       0x68 ./Middlewares/Third_Party/FreeRTOS/Source/portable/GCC/ARM_CM4F/port.o
                0x0000000008008100                PendSV_Handler
 .text.xPortSysTickHandler
                0x0000000008008168       0x44 ./Middlewares/Third_Party/FreeRTOS/Source/portable/GCC/ARM_CM4F/port.o
                0x0000000008008168                xPortSysTickHandler
 .text.vPortSetupTimerInterrupt
                0x00000000080081ac       0x48 ./Middlewares/Third_Party/FreeRTOS/Source/portable/GCC/ARM_CM4F/port.o
                0x00000000080081ac                vPortSetupTimerInterrupt
 .text.vPortEnableVFP
                0x00000000080081f4       0x14 ./Middlewares/Third_Party/FreeRTOS/Source/portable/GCC/ARM_CM4F/port.o
 .text.vPortValidateInterruptPriority
                0x0000000008008208       0x80 ./Middlewares/Third_Party/FreeRTOS/Source/portable/GCC/ARM_CM4F/port.o
                0x0000000008008208                vPortValidateInterruptPriority
 .text.pvPortMalloc
                0x0000000008008288      0x198 ./Middlewares/Third_Party/FreeRTOS/Source/portable/MemMang/heap_4.o
                0x0000000008008288                pvPortMalloc
 .text.vPortFree
                0x0000000008008420       0xc4 ./Middlewares/Third_Party/FreeRTOS/Source/portable/MemMang/heap_4.o
                0x0000000008008420                vPortFree
 .text.prvHeapInit
                0x00000000080084e4       0xc4 ./Middlewares/Third_Party/FreeRTOS/Source/portable/MemMang/heap_4.o
 .text.prvInsertBlockIntoFreeList
                0x00000000080085a8       0xb4 ./Middlewares/Third_Party/FreeRTOS/Source/portable/MemMang/heap_4.o
 .text.calloc   0x000000000800865c       0x10 c:/st/stm32cubeide_1.8.0/stm32cubeide/plugins/com.st.stm32cube.ide.mcu.externaltools.gnu-tools-for-stm32.9-2020-q2-update.win32_2.0.0.202105311346/tools/bin/../lib/gcc/arm-none-eabi/9.3.1/../../../../arm-none-eabi/lib/thumb/v7e-m+fp/hard\libc_nano.a(lib_a-calloc.o)
                0x000000000800865c                calloc
 .text.__errno  0x000000000800866c        0xc c:/st/stm32cubeide_1.8.0/stm32cubeide/plugins/com.st.stm32cube.ide.mcu.externaltools.gnu-tools-for-stm32.9-2020-q2-update.win32_2.0.0.202105311346/tools/bin/../lib/gcc/arm-none-eabi/9.3.1/../../../../arm-none-eabi/lib/thumb/v7e-m+fp/hard\libc_nano.a(lib_a-errno.o)
                0x000000000800866c                __errno
 .text.std      0x0000000008008678       0x48 c:/st/stm32cubeide_1.8.0/stm32cubeide/plugins/com.st.stm32cube.ide.mcu.externaltools.gnu-tools-for-stm32.9-2020-q2-update.win32_2.0.0.202105311346/tools/bin/../lib/gcc/arm-none-eabi/9.3.1/../../../../arm-none-eabi/lib/thumb/v7e-m+fp/hard\libc_nano.a(lib_a-findfp.o)
 .text._cleanup_r
                0x00000000080086c0        0xc c:/st/stm32cubeide_1.8.0/stm32cubeide/plugins/com.st.stm32cube.ide.mcu.externaltools.gnu-tools-for-stm32.9-2020-q2-update.win32_2.0.0.202105311346/tools/bin/../lib/gcc/arm-none-eabi/9.3.1/../../../../arm-none-eabi/lib/thumb/v7e-m+fp/hard\libc_nano.a(lib_a-findfp.o)
                0x00000000080086c0                _cleanup_r
 .text.__sfmoreglue
                0x00000000080086cc       0x2c c:/st/stm32cubeide_1.8.0/stm32cubeide/plugins/com.st.stm32cube.ide.mcu.externaltools.gnu-tools-for-stm32.9-2020-q2-update.win32_2.0.0.202105311346/tools/bin/../lib/gcc/arm-none-eabi/9.3.1/../../../../arm-none-eabi/lib/thumb/v7e-m+fp/hard\libc_nano.a(lib_a-findfp.o)
                0x00000000080086cc                __sfmoreglue
 .text.__sfp_lock_acquire
                0x00000000080086f8        0xc c:/st/stm32cubeide_1.8.0/stm32cubeide/plugins/com.st.stm32cube.ide.mcu.externaltools.gnu-tools-for-stm32.9-2020-q2-update.win32_2.0.0.202105311346/tools/bin/../lib/gcc/arm-none-eabi/9.3.1/../../../../arm-none-eabi/lib/thumb/v7e-m+fp/hard\libc_nano.a(lib_a-findfp.o)
                0x00000000080086f8                __sfp_lock_acquire
 .text.__sfp_lock_release
                0x0000000008008704        0xc c:/st/stm32cubeide_1.8.0/stm32cubeide/plugins/com.st.stm32cube.ide.mcu.externaltools.gnu-tools-for-stm32.9-2020-q2-update.win32_2.0.0.202105311346/tools/bin/../lib/gcc/arm-none-eabi/9.3.1/../../../../arm-none-eabi/lib/thumb/v7e-m+fp/hard\libc_nano.a(lib_a-findfp.o)
                0x0000000008008704                __sfp_lock_release
 .text.__sinit_lock_acquire
                0x0000000008008710        0xc c:/st/stm32cubeide_1.8.0/stm32cubeide/plugins/com.st.stm32cube.ide.mcu.externaltools.gnu-tools-for-stm32.9-2020-q2-update.win32_2.0.0.202105311346/tools/bin/../lib/gcc/arm-none-eabi/9.3.1/../../../../arm-none-eabi/lib/thumb/v7e-m+fp/hard\libc_nano.a(lib_a-findfp.o)
                0x0000000008008710                __sinit_lock_acquire
 .text.__sinit_lock_release
                0x000000000800871c        0xc c:/st/stm32cubeide_1.8.0/stm32cubeide/plugins/com.st.stm32cube.ide.mcu.externaltools.gnu-tools-for-stm32.9-2020-q2-update.win32_2.0.0.202105311346/tools/bin/../lib/gcc/arm-none-eabi/9.3.1/../../../../arm-none-eabi/lib/thumb/v7e-m+fp/hard\libc_nano.a(lib_a-findfp.o)
                0x000000000800871c                __sinit_lock_release
 .text.__sinit  0x0000000008008728       0x70 c:/st/stm32cubeide_1.8.0/stm32cubeide/plugins/com.st.stm32cube.ide.mcu.externaltools.gnu-tools-for-stm32.9-2020-q2-update.win32_2.0.0.202105311346/tools/bin/../lib/gcc/arm-none-eabi/9.3.1/../../../../arm-none-eabi/lib/thumb/v7e-m+fp/hard\libc_nano.a(lib_a-findfp.o)
                0x0000000008008728                __sinit
 .text.__sfp    0x0000000008008798       0x8c c:/st/stm32cubeide_1.8.0/stm32cubeide/plugins/com.st.stm32cube.ide.mcu.externaltools.gnu-tools-for-stm32.9-2020-q2-update.win32_2.0.0.202105311346/tools/bin/../lib/gcc/arm-none-eabi/9.3.1/../../../../arm-none-eabi/lib/thumb/v7e-m+fp/hard\libc_nano.a(lib_a-findfp.o)
                0x0000000008008798                __sfp
 .text._fwalk_reent
                0x0000000008008824       0x3e c:/st/stm32cubeide_1.8.0/stm32cubeide/plugins/com.st.stm32cube.ide.mcu.externaltools.gnu-tools-for-stm32.9-2020-q2-update.win32_2.0.0.202105311346/tools/bin/../lib/gcc/arm-none-eabi/9.3.1/../../../../arm-none-eabi/lib/thumb/v7e-m+fp/hard\libc_nano.a(lib_a-fwalk.o)
                0x0000000008008824                _fwalk_reent
 *fill*         0x0000000008008862        0x2 
 .text.__libc_init_array
                0x0000000008008864       0x48 c:/st/stm32cubeide_1.8.0/stm32cubeide/plugins/com.st.stm32cube.ide.mcu.externaltools.gnu-tools-for-stm32.9-2020-q2-update.win32_2.0.0.202105311346/tools/bin/../lib/gcc/arm-none-eabi/9.3.1/../../../../arm-none-eabi/lib/thumb/v7e-m+fp/hard\libc_nano.a(lib_a-init.o)
                0x0000000008008864                __libc_init_array
 .text.__retarget_lock_init_recursive
                0x00000000080088ac        0x2 c:/st/stm32cubeide_1.8.0/stm32cubeide/plugins/com.st.stm32cube.ide.mcu.externaltools.gnu-tools-for-stm32.9-2020-q2-update.win32_2.0.0.202105311346/tools/bin/../lib/gcc/arm-none-eabi/9.3.1/../../../../arm-none-eabi/lib/thumb/v7e-m+fp/hard\libc_nano.a(lib_a-lock.o)
                0x00000000080088ac                __retarget_lock_init_recursive
 .text.__retarget_lock_acquire_recursive
                0x00000000080088ae        0x2 c:/st/stm32cubeide_1.8.0/stm32cubeide/plugins/com.st.stm32cube.ide.mcu.externaltools.gnu-tools-for-stm32.9-2020-q2-update.win32_2.0.0.202105311346/tools/bin/../lib/gcc/arm-none-eabi/9.3.1/../../../../arm-none-eabi/lib/thumb/v7e-m+fp/hard\libc_nano.a(lib_a-lock.o)
                0x00000000080088ae                __retarget_lock_acquire_recursive
 .text.__retarget_lock_release_recursive
                0x00000000080088b0        0x2 c:/st/stm32cubeide_1.8.0/stm32cubeide/plugins/com.st.stm32cube.ide.mcu.externaltools.gnu-tools-for-stm32.9-2020-q2-update.win32_2.0.0.202105311346/tools/bin/../lib/gcc/arm-none-eabi/9.3.1/../../../../arm-none-eabi/lib/thumb/v7e-m+fp/hard\libc_nano.a(lib_a-lock.o)
                0x00000000080088b0                __retarget_lock_release_recursive
 .text.memcpy   0x00000000080088b2       0x1c c:/st/stm32cubeide_1.8.0/stm32cubeide/plugins/com.st.stm32cube.ide.mcu.externaltools.gnu-tools-for-stm32.9-2020-q2-update.win32_2.0.0.202105311346/tools/bin/../lib/gcc/arm-none-eabi/9.3.1/../../../../arm-none-eabi/lib/thumb/v7e-m+fp/hard\libc_nano.a(lib_a-memcpy-stub.o)
                0x00000000080088b2                memcpy
 .text.memset   0x00000000080088ce       0x10 c:/st/stm32cubeide_1.8.0/stm32cubeide/plugins/com.st.stm32cube.ide.mcu.externaltools.gnu-tools-for-stm32.9-2020-q2-update.win32_2.0.0.202105311346/tools/bin/../lib/gcc/arm-none-eabi/9.3.1/../../../../arm-none-eabi/lib/thumb/v7e-m+fp/hard\libc_nano.a(lib_a-memset.o)
                0x00000000080088ce                memset
 .text._calloc_r
                0x00000000080088de       0x1e c:/st/stm32cubeide_1.8.0/stm32cubeide/plugins/com.st.stm32cube.ide.mcu.externaltools.gnu-tools-for-stm32.9-2020-q2-update.win32_2.0.0.202105311346/tools/bin/../lib/gcc/arm-none-eabi/9.3.1/../../../../arm-none-eabi/lib/thumb/v7e-m+fp/hard\libc_nano.a(lib_a-nano-callocr.o)
                0x00000000080088de                _calloc_r
 .text._malloc_r
                0x00000000080088fc       0xb4 c:/st/stm32cubeide_1.8.0/stm32cubeide/plugins/com.st.stm32cube.ide.mcu.externaltools.gnu-tools-for-stm32.9-2020-q2-update.win32_2.0.0.202105311346/tools/bin/../lib/gcc/arm-none-eabi/9.3.1/../../../../arm-none-eabi/lib/thumb/v7e-m+fp/hard\libc_nano.a(lib_a-nano-mallocr.o)
                0x00000000080088fc                _malloc_r
 .text.printf   0x00000000080089b0       0x30 c:/st/stm32cubeide_1.8.0/stm32cubeide/plugins/com.st.stm32cube.ide.mcu.externaltools.gnu-tools-for-stm32.9-2020-q2-update.win32_2.0.0.202105311346/tools/bin/../lib/gcc/arm-none-eabi/9.3.1/../../../../arm-none-eabi/lib/thumb/v7e-m+fp/hard\libc_nano.a(lib_a-printf.o)
                0x00000000080089b0                iprintf
                0x00000000080089b0                printf
 .text.putchar  0x00000000080089e0       0x2c c:/st/stm32cubeide_1.8.0/stm32cubeide/plugins/com.st.stm32cube.ide.mcu.externaltools.gnu-tools-for-stm32.9-2020-q2-update.win32_2.0.0.202105311346/tools/bin/../lib/gcc/arm-none-eabi/9.3.1/../../../../arm-none-eabi/lib/thumb/v7e-m+fp/hard\libc_nano.a(lib_a-putchar.o)
                0x00000000080089e0                putchar
 .text._puts_r  0x0000000008008a0c       0xdc c:/st/stm32cubeide_1.8.0/stm32cubeide/plugins/com.st.stm32cube.ide.mcu.externaltools.gnu-tools-for-stm32.9-2020-q2-update.win32_2.0.0.202105311346/tools/bin/../lib/gcc/arm-none-eabi/9.3.1/../../../../arm-none-eabi/lib/thumb/v7e-m+fp/hard\libc_nano.a(lib_a-puts.o)
                0x0000000008008a0c                _puts_r
 .text.puts     0x0000000008008ae8       0x10 c:/st/stm32cubeide_1.8.0/stm32cubeide/plugins/com.st.stm32cube.ide.mcu.externaltools.gnu-tools-for-stm32.9-2020-q2-update.win32_2.0.0.202105311346/tools/bin/../lib/gcc/arm-none-eabi/9.3.1/../../../../arm-none-eabi/lib/thumb/v7e-m+fp/hard\libc_nano.a(lib_a-puts.o)
                0x0000000008008ae8                puts
 .text.cleanup_glue
                0x0000000008008af8       0x1a c:/st/stm32cubeide_1.8.0/stm32cubeide/plugins/com.st.stm32cube.ide.mcu.externaltools.gnu-tools-for-stm32.9-2020-q2-update.win32_2.0.0.202105311346/tools/bin/../lib/gcc/arm-none-eabi/9.3.1/../../../../arm-none-eabi/lib/thumb/v7e-m+fp/hard\libc_nano.a(lib_a-reent.o)
                0x0000000008008af8                cleanup_glue
 *fill*         0x0000000008008b12        0x2 
 .text._reclaim_reent
                0x0000000008008b14       0xb8 c:/st/stm32cubeide_1.8.0/stm32cubeide/plugins/com.st.stm32cube.ide.mcu.externaltools.gnu-tools-for-stm32.9-2020-q2-update.win32_2.0.0.202105311346/tools/bin/../lib/gcc/arm-none-eabi/9.3.1/../../../../arm-none-eabi/lib/thumb/v7e-m+fp/hard\libc_nano.a(lib_a-reent.o)
                0x0000000008008b14                _reclaim_reent
 .text._sbrk_r  0x0000000008008bcc       0x20 c:/st/stm32cubeide_1.8.0/stm32cubeide/plugins/com.st.stm32cube.ide.mcu.externaltools.gnu-tools-for-stm32.9-2020-q2-update.win32_2.0.0.202105311346/tools/bin/../lib/gcc/arm-none-eabi/9.3.1/../../../../arm-none-eabi/lib/thumb/v7e-m+fp/hard\libc_nano.a(lib_a-sbrkr.o)
                0x0000000008008bcc                _sbrk_r
 .text.__sread  0x0000000008008bec       0x22 c:/st/stm32cubeide_1.8.0/stm32cubeide/plugins/com.st.stm32cube.ide.mcu.externaltools.gnu-tools-for-stm32.9-2020-q2-update.win32_2.0.0.202105311346/tools/bin/../lib/gcc/arm-none-eabi/9.3.1/../../../../arm-none-eabi/lib/thumb/v7e-m+fp/hard\libc_nano.a(lib_a-stdio.o)
                0x0000000008008bec                __sread
 .text.__swrite
                0x0000000008008c0e       0x38 c:/st/stm32cubeide_1.8.0/stm32cubeide/plugins/com.st.stm32cube.ide.mcu.externaltools.gnu-tools-for-stm32.9-2020-q2-update.win32_2.0.0.202105311346/tools/bin/../lib/gcc/arm-none-eabi/9.3.1/../../../../arm-none-eabi/lib/thumb/v7e-m+fp/hard\libc_nano.a(lib_a-stdio.o)
                0x0000000008008c0e                __swrite
 .text.__sseek  0x0000000008008c46       0x24 c:/st/stm32cubeide_1.8.0/stm32cubeide/plugins/com.st.stm32cube.ide.mcu.externaltools.gnu-tools-for-stm32.9-2020-q2-update.win32_2.0.0.202105311346/tools/bin/../lib/gcc/arm-none-eabi/9.3.1/../../../../arm-none-eabi/lib/thumb/v7e-m+fp/hard\libc_nano.a(lib_a-stdio.o)
                0x0000000008008c46                __sseek
 .text.__sclose
                0x0000000008008c6a        0x8 c:/st/stm32cubeide_1.8.0/stm32cubeide/plugins/com.st.stm32cube.ide.mcu.externaltools.gnu-tools-for-stm32.9-2020-q2-update.win32_2.0.0.202105311346/tools/bin/../lib/gcc/arm-none-eabi/9.3.1/../../../../arm-none-eabi/lib/thumb/v7e-m+fp/hard\libc_nano.a(lib_a-stdio.o)
                0x0000000008008c6a                __sclose
 *fill*         0x0000000008008c72        0x2 
 .text.__swbuf_r
                0x0000000008008c74       0xa4 c:/st/stm32cubeide_1.8.0/stm32cubeide/plugins/com.st.stm32cube.ide.mcu.externaltools.gnu-tools-for-stm32.9-2020-q2-update.win32_2.0.0.202105311346/tools/bin/../lib/gcc/arm-none-eabi/9.3.1/../../../../arm-none-eabi/lib/thumb/v7e-m+fp/hard\libc_nano.a(lib_a-wbuf.o)
                0x0000000008008c74                __swbuf_r
 .text._write_r
                0x0000000008008d18       0x24 c:/st/stm32cubeide_1.8.0/stm32cubeide/plugins/com.st.stm32cube.ide.mcu.externaltools.gnu-tools-for-stm32.9-2020-q2-update.win32_2.0.0.202105311346/tools/bin/../lib/gcc/arm-none-eabi/9.3.1/../../../../arm-none-eabi/lib/thumb/v7e-m+fp/hard\libc_nano.a(lib_a-writer.o)
                0x0000000008008d18                _write_r
 .text.__swsetup_r
                0x0000000008008d3c       0xdc c:/st/stm32cubeide_1.8.0/stm32cubeide/plugins/com.st.stm32cube.ide.mcu.externaltools.gnu-tools-for-stm32.9-2020-q2-update.win32_2.0.0.202105311346/tools/bin/../lib/gcc/arm-none-eabi/9.3.1/../../../../arm-none-eabi/lib/thumb/v7e-m+fp/hard\libc_nano.a(lib_a-wsetup.o)
                0x0000000008008d3c                __swsetup_r
 .text._close_r
                0x0000000008008e18       0x20 c:/st/stm32cubeide_1.8.0/stm32cubeide/plugins/com.st.stm32cube.ide.mcu.externaltools.gnu-tools-for-stm32.9-2020-q2-update.win32_2.0.0.202105311346/tools/bin/../lib/gcc/arm-none-eabi/9.3.1/../../../../arm-none-eabi/lib/thumb/v7e-m+fp/hard\libc_nano.a(lib_a-closer.o)
                0x0000000008008e18                _close_r
 .text.__sflush_r
                0x0000000008008e38      0x10c c:/st/stm32cubeide_1.8.0/stm32cubeide/plugins/com.st.stm32cube.ide.mcu.externaltools.gnu-tools-for-stm32.9-2020-q2-update.win32_2.0.0.202105311346/tools/bin/../lib/gcc/arm-none-eabi/9.3.1/../../../../arm-none-eabi/lib/thumb/v7e-m+fp/hard\libc_nano.a(lib_a-fflush.o)
                0x0000000008008e38                __sflush_r
 .text._fflush_r
                0x0000000008008f44       0x78 c:/st/stm32cubeide_1.8.0/stm32cubeide/plugins/com.st.stm32cube.ide.mcu.externaltools.gnu-tools-for-stm32.9-2020-q2-update.win32_2.0.0.202105311346/tools/bin/../lib/gcc/arm-none-eabi/9.3.1/../../../../arm-none-eabi/lib/thumb/v7e-m+fp/hard\libc_nano.a(lib_a-fflush.o)
                0x0000000008008f44                _fflush_r
 .text._lseek_r
                0x0000000008008fbc       0x24 c:/st/stm32cubeide_1.8.0/stm32cubeide/plugins/com.st.stm32cube.ide.mcu.externaltools.gnu-tools-for-stm32.9-2020-q2-update.win32_2.0.0.202105311346/tools/bin/../lib/gcc/arm-none-eabi/9.3.1/../../../../arm-none-eabi/lib/thumb/v7e-m+fp/hard\libc_nano.a(lib_a-lseekr.o)
                0x0000000008008fbc                _lseek_r
 .text.__swhatbuf_r
                0x0000000008008fe0       0x48 c:/st/stm32cubeide_1.8.0/stm32cubeide/plugins/com.st.stm32cube.ide.mcu.externaltools.gnu-tools-for-stm32.9-2020-q2-update.win32_2.0.0.202105311346/tools/bin/../lib/gcc/arm-none-eabi/9.3.1/../../../../arm-none-eabi/lib/thumb/v7e-m+fp/hard\libc_nano.a(lib_a-makebuf.o)
                0x0000000008008fe0                __swhatbuf_r
 .text.__smakebuf_r
                0x0000000008009028       0x80 c:/st/stm32cubeide_1.8.0/stm32cubeide/plugins/com.st.stm32cube.ide.mcu.externaltools.gnu-tools-for-stm32.9-2020-q2-update.win32_2.0.0.202105311346/tools/bin/../lib/gcc/arm-none-eabi/9.3.1/../../../../arm-none-eabi/lib/thumb/v7e-m+fp/hard\libc_nano.a(lib_a-makebuf.o)
                0x0000000008009028                __smakebuf_r
 .text.__malloc_lock
                0x00000000080090a8        0xc c:/st/stm32cubeide_1.8.0/stm32cubeide/plugins/com.st.stm32cube.ide.mcu.externaltools.gnu-tools-for-stm32.9-2020-q2-update.win32_2.0.0.202105311346/tools/bin/../lib/gcc/arm-none-eabi/9.3.1/../../../../arm-none-eabi/lib/thumb/v7e-m+fp/hard\libc_nano.a(lib_a-mlock.o)
                0x00000000080090a8                __malloc_lock
 .text.__malloc_unlock
                0x00000000080090b4        0xc c:/st/stm32cubeide_1.8.0/stm32cubeide/plugins/com.st.stm32cube.ide.mcu.externaltools.gnu-tools-for-stm32.9-2020-q2-update.win32_2.0.0.202105311346/tools/bin/../lib/gcc/arm-none-eabi/9.3.1/../../../../arm-none-eabi/lib/thumb/v7e-m+fp/hard\libc_nano.a(lib_a-mlock.o)
                0x00000000080090b4                __malloc_unlock
 .text._free_r  0x00000000080090c0       0xa0 c:/st/stm32cubeide_1.8.0/stm32cubeide/plugins/com.st.stm32cube.ide.mcu.externaltools.gnu-tools-for-stm32.9-2020-q2-update.win32_2.0.0.202105311346/tools/bin/../lib/gcc/arm-none-eabi/9.3.1/../../../../arm-none-eabi/lib/thumb/v7e-m+fp/hard\libc_nano.a(lib_a-nano-freer.o)
                0x00000000080090c0                _free_r
 .text.__sfputc_r
                0x0000000008009160       0x2e c:/st/stm32cubeide_1.8.0/stm32cubeide/plugins/com.st.stm32cube.ide.mcu.externaltools.gnu-tools-for-stm32.9-2020-q2-update.win32_2.0.0.202105311346/tools/bin/../lib/gcc/arm-none-eabi/9.3.1/../../../../arm-none-eabi/lib/thumb/v7e-m+fp/hard\libc_nano.a(lib_a-nano-vfprintf.o)
 .text.__sfputs_r
                0x000000000800918e       0x24 c:/st/stm32cubeide_1.8.0/stm32cubeide/plugins/com.st.stm32cube.ide.mcu.externaltools.gnu-tools-for-stm32.9-2020-q2-update.win32_2.0.0.202105311346/tools/bin/../lib/gcc/arm-none-eabi/9.3.1/../../../../arm-none-eabi/lib/thumb/v7e-m+fp/hard\libc_nano.a(lib_a-nano-vfprintf.o)
                0x000000000800918e                __sfputs_r
 *fill*         0x00000000080091b2        0x2 
 .text._vfprintf_r
                0x00000000080091b4      0x260 c:/st/stm32cubeide_1.8.0/stm32cubeide/plugins/com.st.stm32cube.ide.mcu.externaltools.gnu-tools-for-stm32.9-2020-q2-update.win32_2.0.0.202105311346/tools/bin/../lib/gcc/arm-none-eabi/9.3.1/../../../../arm-none-eabi/lib/thumb/v7e-m+fp/hard\libc_nano.a(lib_a-nano-vfprintf.o)
                0x00000000080091b4                _vfprintf_r
                0x00000000080091b4                _vfiprintf_r
 .text._printf_common
                0x0000000008009414       0xda c:/st/stm32cubeide_1.8.0/stm32cubeide/plugins/com.st.stm32cube.ide.mcu.externaltools.gnu-tools-for-stm32.9-2020-q2-update.win32_2.0.0.202105311346/tools/bin/../lib/gcc/arm-none-eabi/9.3.1/../../../../arm-none-eabi/lib/thumb/v7e-m+fp/hard\libc_nano.a(lib_a-nano-vfprintf_i.o)
                0x0000000008009414                _printf_common
 *fill*         0x00000000080094ee        0x2 
 .text._printf_i
                0x00000000080094f0      0x24c c:/st/stm32cubeide_1.8.0/stm32cubeide/plugins/com.st.stm32cube.ide.mcu.externaltools.gnu-tools-for-stm32.9-2020-q2-update.win32_2.0.0.202105311346/tools/bin/../lib/gcc/arm-none-eabi/9.3.1/../../../../arm-none-eabi/lib/thumb/v7e-m+fp/hard\libc_nano.a(lib_a-nano-vfprintf_i.o)
                0x00000000080094f0                _printf_i
 .text._putc_r  0x000000000800973c       0x90 c:/st/stm32cubeide_1.8.0/stm32cubeide/plugins/com.st.stm32cube.ide.mcu.externaltools.gnu-tools-for-stm32.9-2020-q2-update.win32_2.0.0.202105311346/tools/bin/../lib/gcc/arm-none-eabi/9.3.1/../../../../arm-none-eabi/lib/thumb/v7e-m+fp/hard\libc_nano.a(lib_a-putc.o)
                0x000000000800973c                _putc_r
 .text._read_r  0x00000000080097cc       0x24 c:/st/stm32cubeide_1.8.0/stm32cubeide/plugins/com.st.stm32cube.ide.mcu.externaltools.gnu-tools-for-stm32.9-2020-q2-update.win32_2.0.0.202105311346/tools/bin/../lib/gcc/arm-none-eabi/9.3.1/../../../../arm-none-eabi/lib/thumb/v7e-m+fp/hard\libc_nano.a(lib_a-readr.o)
                0x00000000080097cc                _read_r
 .text._fstat_r
                0x00000000080097f0       0x24 c:/st/stm32cubeide_1.8.0/stm32cubeide/plugins/com.st.stm32cube.ide.mcu.externaltools.gnu-tools-for-stm32.9-2020-q2-update.win32_2.0.0.202105311346/tools/bin/../lib/gcc/arm-none-eabi/9.3.1/../../../../arm-none-eabi/lib/thumb/v7e-m+fp/hard\libc_nano.a(lib_a-fstatr.o)
                0x00000000080097f0                _fstat_r
 .text._isatty_r
                0x0000000008009814       0x20 c:/st/stm32cubeide_1.8.0/stm32cubeide/plugins/com.st.stm32cube.ide.mcu.externaltools.gnu-tools-for-stm32.9-2020-q2-update.win32_2.0.0.202105311346/tools/bin/../lib/gcc/arm-none-eabi/9.3.1/../../../../arm-none-eabi/lib/thumb/v7e-m+fp/hard\libc_nano.a(lib_a-isattyr.o)
                0x0000000008009814                _isatty_r
 *(.glue_7)
 .glue_7        0x0000000008009834        0x0 linker stubs
 *(.glue_7t)
 .glue_7t       0x0000000008009834        0x0 linker stubs
 *(.eh_frame)
 .eh_frame      0x0000000008009834        0x0 c:/st/stm32cubeide_1.8.0/stm32cubeide/plugins/com.st.stm32cube.ide.mcu.externaltools.gnu-tools-for-stm32.9-2020-q2-update.win32_2.0.0.202105311346/tools/bin/../lib/gcc/arm-none-eabi/9.3.1/thumb/v7e-m+fp/hard/crtbegin.o
 *(.init)
 .init          0x0000000008009834        0x4 c:/st/stm32cubeide_1.8.0/stm32cubeide/plugins/com.st.stm32cube.ide.mcu.externaltools.gnu-tools-for-stm32.9-2020-q2-update.win32_2.0.0.202105311346/tools/bin/../lib/gcc/arm-none-eabi/9.3.1/thumb/v7e-m+fp/hard/crti.o
                0x0000000008009834                _init
 .init          0x0000000008009838        0x8 c:/st/stm32cubeide_1.8.0/stm32cubeide/plugins/com.st.stm32cube.ide.mcu.externaltools.gnu-tools-for-stm32.9-2020-q2-update.win32_2.0.0.202105311346/tools/bin/../lib/gcc/arm-none-eabi/9.3.1/thumb/v7e-m+fp/hard/crtn.o
 *(.fini)
 .fini          0x0000000008009840        0x4 c:/st/stm32cubeide_1.8.0/stm32cubeide/plugins/com.st.stm32cube.ide.mcu.externaltools.gnu-tools-for-stm32.9-2020-q2-update.win32_2.0.0.202105311346/tools/bin/../lib/gcc/arm-none-eabi/9.3.1/thumb/v7e-m+fp/hard/crti.o
                0x0000000008009840                _fini
 .fini          0x0000000008009844        0x8 c:/st/stm32cubeide_1.8.0/stm32cubeide/plugins/com.st.stm32cube.ide.mcu.externaltools.gnu-tools-for-stm32.9-2020-q2-update.win32_2.0.0.202105311346/tools/bin/../lib/gcc/arm-none-eabi/9.3.1/thumb/v7e-m+fp/hard/crtn.o
                0x000000000800984c                . = ALIGN (0x4)
                0x000000000800984c                _etext = .

.vfp11_veneer   0x000000000800984c        0x0
 .vfp11_veneer  0x000000000800984c        0x0 linker stubs

.v4_bx          0x000000000800984c        0x0
 .v4_bx         0x000000000800984c        0x0 linker stubs

.iplt           0x000000000800984c        0x0
 .iplt          0x000000000800984c        0x0 c:/st/stm32cubeide_1.8.0/stm32cubeide/plugins/com.st.stm32cube.ide.mcu.externaltools.gnu-tools-for-stm32.9-2020-q2-update.win32_2.0.0.202105311346/tools/bin/../lib/gcc/arm-none-eabi/9.3.1/thumb/v7e-m+fp/hard/crtbegin.o

.rodata         0x000000000800984c      0x360
                0x000000000800984c                . = ALIGN (0x4)
 *(.rodata)
 .rodata        0x000000000800984c       0x34 ./Core/Src/freertos.o
 .rodata        0x0000000008009880       0x79 ./Core/Src/main.o
 *fill*         0x00000000080098f9        0x3 
 .rodata        0x00000000080098fc      0x154 ./Core/Src/microphone.o
 .rodata        0x0000000008009a50        0xc ./Core/Src/stm32l475e_iot01_audio.o
 .rodata        0x0000000008009a5c        0x5 ./Middlewares/Third_Party/FreeRTOS/Source/tasks.o
 *fill*         0x0000000008009a61        0x3 
 .rodata        0x0000000008009a64        0xd ./Middlewares/Third_Party/FreeRTOS/Source/timers.o
 *(.rodata*)
 *fill*         0x0000000008009a71        0x3 
 .rodata.defaultTask_attributes
                0x0000000008009a74       0x24 ./Core/Src/freertos.o
                0x0000000008009a74                defaultTask_attributes
 .rodata.tasktest_out_attributes
                0x0000000008009a98       0x24 ./Core/Src/freertos.o
                0x0000000008009a98                tasktest_out_attributes
 .rodata.buffer_mutex_attributes
                0x0000000008009abc       0x10 ./Core/Src/freertos.o
                0x0000000008009abc                buffer_mutex_attributes
 .rodata.AHBPrescTable
                0x0000000008009acc       0x10 ./Core/Src/system_stm32l4xx.o
                0x0000000008009acc                AHBPrescTable
 .rodata.APBPrescTable
                0x0000000008009adc        0x8 ./Core/Src/system_stm32l4xx.o
                0x0000000008009adc                APBPrescTable
 .rodata.MSIRangeTable
                0x0000000008009ae4       0x30 ./Core/Src/system_stm32l4xx.o
                0x0000000008009ae4                MSIRangeTable
 .rodata.__sf_fake_stderr
                0x0000000008009b14       0x20 c:/st/stm32cubeide_1.8.0/stm32cubeide/plugins/com.st.stm32cube.ide.mcu.externaltools.gnu-tools-for-stm32.9-2020-q2-update.win32_2.0.0.202105311346/tools/bin/../lib/gcc/arm-none-eabi/9.3.1/../../../../arm-none-eabi/lib/thumb/v7e-m+fp/hard\libc_nano.a(lib_a-findfp.o)
                0x0000000008009b14                __sf_fake_stderr
 .rodata.__sf_fake_stdin
                0x0000000008009b34       0x20 c:/st/stm32cubeide_1.8.0/stm32cubeide/plugins/com.st.stm32cube.ide.mcu.externaltools.gnu-tools-for-stm32.9-2020-q2-update.win32_2.0.0.202105311346/tools/bin/../lib/gcc/arm-none-eabi/9.3.1/../../../../arm-none-eabi/lib/thumb/v7e-m+fp/hard\libc_nano.a(lib_a-findfp.o)
                0x0000000008009b34                __sf_fake_stdin
 .rodata.__sf_fake_stdout
                0x0000000008009b54       0x20 c:/st/stm32cubeide_1.8.0/stm32cubeide/plugins/com.st.stm32cube.ide.mcu.externaltools.gnu-tools-for-stm32.9-2020-q2-update.win32_2.0.0.202105311346/tools/bin/../lib/gcc/arm-none-eabi/9.3.1/../../../../arm-none-eabi/lib/thumb/v7e-m+fp/hard\libc_nano.a(lib_a-findfp.o)
                0x0000000008009b54                __sf_fake_stdout
 .rodata._global_impure_ptr
                0x0000000008009b74        0x4 c:/st/stm32cubeide_1.8.0/stm32cubeide/plugins/com.st.stm32cube.ide.mcu.externaltools.gnu-tools-for-stm32.9-2020-q2-update.win32_2.0.0.202105311346/tools/bin/../lib/gcc/arm-none-eabi/9.3.1/../../../../arm-none-eabi/lib/thumb/v7e-m+fp/hard\libc_nano.a(lib_a-impure.o)
                0x0000000008009b74                _global_impure_ptr
 .rodata._vfprintf_r.str1.1
                0x0000000008009b78       0x11 c:/st/stm32cubeide_1.8.0/stm32cubeide/plugins/com.st.stm32cube.ide.mcu.externaltools.gnu-tools-for-stm32.9-2020-q2-update.win32_2.0.0.202105311346/tools/bin/../lib/gcc/arm-none-eabi/9.3.1/../../../../arm-none-eabi/lib/thumb/v7e-m+fp/hard\libc_nano.a(lib_a-nano-vfprintf.o)
 .rodata._printf_i.str1.1
                0x0000000008009b89       0x22 c:/st/stm32cubeide_1.8.0/stm32cubeide/plugins/com.st.stm32cube.ide.mcu.externaltools.gnu-tools-for-stm32.9-2020-q2-update.win32_2.0.0.202105311346/tools/bin/../lib/gcc/arm-none-eabi/9.3.1/../../../../arm-none-eabi/lib/thumb/v7e-m+fp/hard\libc_nano.a(lib_a-nano-vfprintf_i.o)
                0x0000000008009bac                . = ALIGN (0x4)
 *fill*         0x0000000008009bab        0x1 

.rel.dyn        0x0000000008009bac        0x0
 .rel.iplt      0x0000000008009bac        0x0 c:/st/stm32cubeide_1.8.0/stm32cubeide/plugins/com.st.stm32cube.ide.mcu.externaltools.gnu-tools-for-stm32.9-2020-q2-update.win32_2.0.0.202105311346/tools/bin/../lib/gcc/arm-none-eabi/9.3.1/thumb/v7e-m+fp/hard/crtbegin.o

.ARM.extab      0x0000000008009bac        0x0
                0x0000000008009bac                . = ALIGN (0x4)
 *(.ARM.extab* .gnu.linkonce.armextab.*)
                0x0000000008009bac                . = ALIGN (0x4)

.ARM            0x0000000008009bac        0x0
                0x0000000008009bac                . = ALIGN (0x4)
                0x0000000008009bac                __exidx_start = .
 *(.ARM.exidx*)
                0x0000000008009bac                __exidx_end = .
                0x0000000008009bac                . = ALIGN (0x4)

.preinit_array  0x0000000008009bac        0x0
                0x0000000008009bac                . = ALIGN (0x4)
                0x0000000008009bac                PROVIDE (__preinit_array_start = .)
 *(.preinit_array*)
                0x0000000008009bac                PROVIDE (__preinit_array_end = .)
                0x0000000008009bac                . = ALIGN (0x4)

.init_array     0x0000000008009bac        0x4
                0x0000000008009bac                . = ALIGN (0x4)
                0x0000000008009bac                PROVIDE (__init_array_start = .)
 *(SORT_BY_NAME(.init_array.*))
 *(.init_array*)
 .init_array    0x0000000008009bac        0x4 c:/st/stm32cubeide_1.8.0/stm32cubeide/plugins/com.st.stm32cube.ide.mcu.externaltools.gnu-tools-for-stm32.9-2020-q2-update.win32_2.0.0.202105311346/tools/bin/../lib/gcc/arm-none-eabi/9.3.1/thumb/v7e-m+fp/hard/crtbegin.o
                0x0000000008009bb0                PROVIDE (__init_array_end = .)
                0x0000000008009bb0                . = ALIGN (0x4)

.fini_array     0x0000000008009bb0        0x4
                0x0000000008009bb0                . = ALIGN (0x4)
                [!provide]                        PROVIDE (__fini_array_start = .)
 *(SORT_BY_NAME(.fini_array.*))
 *(.fini_array*)
 .fini_array    0x0000000008009bb0        0x4 c:/st/stm32cubeide_1.8.0/stm32cubeide/plugins/com.st.stm32cube.ide.mcu.externaltools.gnu-tools-for-stm32.9-2020-q2-update.win32_2.0.0.202105311346/tools/bin/../lib/gcc/arm-none-eabi/9.3.1/thumb/v7e-m+fp/hard/crtbegin.o
                [!provide]                        PROVIDE (__fini_array_end = .)
                0x0000000008009bb4                . = ALIGN (0x4)
                0x0000000008009bb4                _sidata = LOADADDR (.data)

.data           0x0000000020000000       0x9c load address 0x0000000008009bb4
                0x0000000020000000                . = ALIGN (0x4)
                0x0000000020000000                _sdata = .
 *(.data)
 *(.data*)
 .data.TARGET_AUDIO_BUFFER_NB_SAMPLES
                0x0000000020000000        0x4 ./Core/Src/microphone.o
 .data.SKIP_FIRST_EVENTS
                0x0000000020000004        0x4 ./Core/Src/microphone.o
 .data.Audio_In_Ctx
                0x0000000020000008       0x20 ./Core/Src/stm32l475e_iot01_audio.o
                0x0000000020000008                Audio_In_Ctx
 .data.SystemCoreClock
                0x0000000020000028        0x4 ./Core/Src/system_stm32l4xx.o
                0x0000000020000028                SystemCoreClock
 .data.uwTickPrio
                0x000000002000002c        0x4 ./Drivers/STM32L4xx_HAL_Driver/Src/stm32l4xx_hal.o
                0x000000002000002c                uwTickPrio
 .data.uwTickFreq
                0x0000000020000030        0x1 ./Drivers/STM32L4xx_HAL_Driver/Src/stm32l4xx_hal.o
                0x0000000020000030                uwTickFreq
 *fill*         0x0000000020000031        0x3 
 .data.uxCriticalNesting
                0x0000000020000034        0x4 ./Middlewares/Third_Party/FreeRTOS/Source/portable/GCC/ARM_CM4F/port.o
 .data._impure_ptr
                0x0000000020000038        0x4 c:/st/stm32cubeide_1.8.0/stm32cubeide/plugins/com.st.stm32cube.ide.mcu.externaltools.gnu-tools-for-stm32.9-2020-q2-update.win32_2.0.0.202105311346/tools/bin/../lib/gcc/arm-none-eabi/9.3.1/../../../../arm-none-eabi/lib/thumb/v7e-m+fp/hard\libc_nano.a(lib_a-impure.o)
                0x0000000020000038                _impure_ptr
 .data.impure_data
                0x000000002000003c       0x60 c:/st/stm32cubeide_1.8.0/stm32cubeide/plugins/com.st.stm32cube.ide.mcu.externaltools.gnu-tools-for-stm32.9-2020-q2-update.win32_2.0.0.202105311346/tools/bin/../lib/gcc/arm-none-eabi/9.3.1/../../../../arm-none-eabi/lib/thumb/v7e-m+fp/hard\libc_nano.a(lib_a-impure.o)
 *(.RamFunc)
 *(.RamFunc*)
                0x000000002000009c                . = ALIGN (0x4)
                0x000000002000009c                _edata = .

.igot.plt       0x000000002000009c        0x0 load address 0x0000000008009c50
 .igot.plt      0x000000002000009c        0x0 c:/st/stm32cubeide_1.8.0/stm32cubeide/plugins/com.st.stm32cube.ide.mcu.externaltools.gnu-tools-for-stm32.9-2020-q2-update.win32_2.0.0.202105311346/tools/bin/../lib/gcc/arm-none-eabi/9.3.1/thumb/v7e-m+fp/hard/crtbegin.o
                0x000000002000009c                . = ALIGN (0x4)

.bss            0x000000002000009c     0x5da0 load address 0x0000000008009c50
                0x000000002000009c                _sbss = .
                0x000000002000009c                __bss_start__ = _sbss
 *(.bss)
 .bss           0x000000002000009c       0x1c c:/st/stm32cubeide_1.8.0/stm32cubeide/plugins/com.st.stm32cube.ide.mcu.externaltools.gnu-tools-for-stm32.9-2020-q2-update.win32_2.0.0.202105311346/tools/bin/../lib/gcc/arm-none-eabi/9.3.1/thumb/v7e-m+fp/hard/crtbegin.o
 *(.bss*)
 .bss.HAL_RCC_DFSDM1_CLK_ENABLED
                0x00000000200000b8        0x4 ./Core/Src/dfsdm.o
 .bss.DFSDM1_Init
                0x00000000200000bc        0x4 ./Core/Src/dfsdm.o
 .bss.MicParams
                0x00000000200000c0       0x14 ./Core/Src/main.o
 .bss.BUFFER_RIS
                0x00000000200000d4        0x4 ./Core/Src/main.o
 .bss.PCM_Buffer
                0x00000000200000d8       0x40 ./Core/Src/microphone.o
 .bss.TARGET_AUDIO_BUFFER_IX
                0x0000000020000118        0x4 ./Core/Src/microphone.o
 .bss.half_transfer_events
                0x000000002000011c        0x4 ./Core/Src/microphone.o
 .bss.transfer_complete_events
                0x0000000020000120        0x4 ./Core/Src/microphone.o
 .bss.TARGET_AUDIO_BUFFER
                0x0000000020000124        0x4 ./Core/Src/microphone.o
 .bss.hDmaDfsdm
                0x0000000020000128       0x90 ./Core/Src/stm32l475e_iot01_audio.o
 .bss.AudioIn_IsMspCbValid
                0x00000000200001b8        0x4 ./Core/Src/stm32l475e_iot01_audio.o
 .bss.__sbrk_heap_end
                0x00000000200001bc        0x4 ./Core/Src/sysmem.o
 .bss.v_dfsdm1ChannelCounter
                0x00000000200001c0        0x4 ./Drivers/STM32L4xx_HAL_Driver/Src/stm32l4xx_hal_dfsdm.o
 .bss.a_dfsdm1ChannelHandle
                0x00000000200001c4       0x20 ./Drivers/STM32L4xx_HAL_Driver/Src/stm32l4xx_hal_dfsdm.o
 .bss.KernelState
                0x00000000200001e4        0x4 ./Middlewares/Third_Party/FreeRTOS/Source/CMSIS_RTOS_V2/cmsis_os2.o
 .bss.Idle_TCB.10934
                0x00000000200001e8       0xbc ./Middlewares/Third_Party/FreeRTOS/Source/CMSIS_RTOS_V2/cmsis_os2.o
 .bss.Idle_Stack.10935
                0x00000000200002a4      0x200 ./Middlewares/Third_Party/FreeRTOS/Source/CMSIS_RTOS_V2/cmsis_os2.o
 .bss.Timer_TCB.10941
                0x00000000200004a4       0xbc ./Middlewares/Third_Party/FreeRTOS/Source/CMSIS_RTOS_V2/cmsis_os2.o
 .bss.Timer_Stack.10942
                0x0000000020000560      0x400 ./Middlewares/Third_Party/FreeRTOS/Source/CMSIS_RTOS_V2/cmsis_os2.o
 .bss.pxCurrentTCB
                0x0000000020000960        0x4 ./Middlewares/Third_Party/FreeRTOS/Source/tasks.o
                0x0000000020000960                pxCurrentTCB
 .bss.pxReadyTasksLists
                0x0000000020000964      0x460 ./Middlewares/Third_Party/FreeRTOS/Source/tasks.o
 .bss.xDelayedTaskList1
                0x0000000020000dc4       0x14 ./Middlewares/Third_Party/FreeRTOS/Source/tasks.o
 .bss.xDelayedTaskList2
                0x0000000020000dd8       0x14 ./Middlewares/Third_Party/FreeRTOS/Source/tasks.o
 .bss.pxDelayedTaskList
                0x0000000020000dec        0x4 ./Middlewares/Third_Party/FreeRTOS/Source/tasks.o
 .bss.pxOverflowDelayedTaskList
                0x0000000020000df0        0x4 ./Middlewares/Third_Party/FreeRTOS/Source/tasks.o
 .bss.xPendingReadyList
                0x0000000020000df4       0x14 ./Middlewares/Third_Party/FreeRTOS/Source/tasks.o
 .bss.xTasksWaitingTermination
                0x0000000020000e08       0x14 ./Middlewares/Third_Party/FreeRTOS/Source/tasks.o
 .bss.uxDeletedTasksWaitingCleanUp
                0x0000000020000e1c        0x4 ./Middlewares/Third_Party/FreeRTOS/Source/tasks.o
 .bss.xSuspendedTaskList
                0x0000000020000e20       0x14 ./Middlewares/Third_Party/FreeRTOS/Source/tasks.o
 .bss.uxCurrentNumberOfTasks
                0x0000000020000e34        0x4 ./Middlewares/Third_Party/FreeRTOS/Source/tasks.o
 .bss.xTickCount
                0x0000000020000e38        0x4 ./Middlewares/Third_Party/FreeRTOS/Source/tasks.o
 .bss.uxTopReadyPriority
                0x0000000020000e3c        0x4 ./Middlewares/Third_Party/FreeRTOS/Source/tasks.o
 .bss.xSchedulerRunning
                0x0000000020000e40        0x4 ./Middlewares/Third_Party/FreeRTOS/Source/tasks.o
 .bss.xPendedTicks
                0x0000000020000e44        0x4 ./Middlewares/Third_Party/FreeRTOS/Source/tasks.o
 .bss.xYieldPending
                0x0000000020000e48        0x4 ./Middlewares/Third_Party/FreeRTOS/Source/tasks.o
 .bss.xNumOfOverflows
                0x0000000020000e4c        0x4 ./Middlewares/Third_Party/FreeRTOS/Source/tasks.o
 .bss.uxTaskNumber
                0x0000000020000e50        0x4 ./Middlewares/Third_Party/FreeRTOS/Source/tasks.o
 .bss.xNextTaskUnblockTime
                0x0000000020000e54        0x4 ./Middlewares/Third_Party/FreeRTOS/Source/tasks.o
 .bss.xIdleTaskHandle
                0x0000000020000e58        0x4 ./Middlewares/Third_Party/FreeRTOS/Source/tasks.o
 .bss.uxSchedulerSuspended
                0x0000000020000e5c        0x4 ./Middlewares/Third_Party/FreeRTOS/Source/tasks.o
 .bss.xActiveTimerList1
                0x0000000020000e60       0x14 ./Middlewares/Third_Party/FreeRTOS/Source/timers.o
 .bss.xActiveTimerList2
                0x0000000020000e74       0x14 ./Middlewares/Third_Party/FreeRTOS/Source/timers.o
 .bss.pxCurrentTimerList
                0x0000000020000e88        0x4 ./Middlewares/Third_Party/FreeRTOS/Source/timers.o
 .bss.pxOverflowTimerList
                0x0000000020000e8c        0x4 ./Middlewares/Third_Party/FreeRTOS/Source/timers.o
 .bss.xTimerQueue
                0x0000000020000e90        0x4 ./Middlewares/Third_Party/FreeRTOS/Source/timers.o
 .bss.xTimerTaskHandle
                0x0000000020000e94        0x4 ./Middlewares/Third_Party/FreeRTOS/Source/timers.o
 .bss.xLastTime.7010
                0x0000000020000e98        0x4 ./Middlewares/Third_Party/FreeRTOS/Source/timers.o
 .bss.ucStaticTimerQueueStorage.7061
                0x0000000020000e9c       0xa0 ./Middlewares/Third_Party/FreeRTOS/Source/timers.o
 .bss.xStaticTimerQueue.7060
                0x0000000020000f3c       0x50 ./Middlewares/Third_Party/FreeRTOS/Source/timers.o
 .bss.ucMaxSysCallPriority
                0x0000000020000f8c        0x1 ./Middlewares/Third_Party/FreeRTOS/Source/portable/GCC/ARM_CM4F/port.o
 *fill*         0x0000000020000f8d        0x3 
 .bss.ulMaxPRIGROUPValue
                0x0000000020000f90        0x4 ./Middlewares/Third_Party/FreeRTOS/Source/portable/GCC/ARM_CM4F/port.o
 .bss.ucHeap    0x0000000020000f94      0xbb8 ./Middlewares/Third_Party/FreeRTOS/Source/portable/MemMang/heap_4.o
 .bss.xStart    0x0000000020001b4c        0x8 ./Middlewares/Third_Party/FreeRTOS/Source/portable/MemMang/heap_4.o
 .bss.pxEnd     0x0000000020001b54        0x4 ./Middlewares/Third_Party/FreeRTOS/Source/portable/MemMang/heap_4.o
 .bss.xFreeBytesRemaining
                0x0000000020001b58        0x4 ./Middlewares/Third_Party/FreeRTOS/Source/portable/MemMang/heap_4.o
 .bss.xMinimumEverFreeBytesRemaining
                0x0000000020001b5c        0x4 ./Middlewares/Third_Party/FreeRTOS/Source/portable/MemMang/heap_4.o
 .bss.xNumberOfSuccessfulAllocations
                0x0000000020001b60        0x4 ./Middlewares/Third_Party/FreeRTOS/Source/portable/MemMang/heap_4.o
 .bss.xNumberOfSuccessfulFrees
                0x0000000020001b64        0x4 ./Middlewares/Third_Party/FreeRTOS/Source/portable/MemMang/heap_4.o
 .bss.xBlockAllocatedBit
                0x0000000020001b68        0x4 ./Middlewares/Third_Party/FreeRTOS/Source/portable/MemMang/heap_4.o
 .bss.__malloc_free_list
                0x0000000020001b6c        0x4 c:/st/stm32cubeide_1.8.0/stm32cubeide/plugins/com.st.stm32cube.ide.mcu.externaltools.gnu-tools-for-stm32.9-2020-q2-update.win32_2.0.0.202105311346/tools/bin/../lib/gcc/arm-none-eabi/9.3.1/../../../../arm-none-eabi/lib/thumb/v7e-m+fp/hard\libc_nano.a(lib_a-nano-mallocr.o)
                0x0000000020001b6c                __malloc_free_list
 .bss.__malloc_sbrk_start
                0x0000000020001b70        0x4 c:/st/stm32cubeide_1.8.0/stm32cubeide/plugins/com.st.stm32cube.ide.mcu.externaltools.gnu-tools-for-stm32.9-2020-q2-update.win32_2.0.0.202105311346/tools/bin/../lib/gcc/arm-none-eabi/9.3.1/../../../../arm-none-eabi/lib/thumb/v7e-m+fp/hard\libc_nano.a(lib_a-nano-mallocr.o)
                0x0000000020001b70                __malloc_sbrk_start
 *(COMMON)
 COMMON         0x0000000020001b74      0x208 ./Core/Src/dfsdm.o
                0x0000000020001b74                hdfsdm1_channel1
                0x0000000020001bbc                hdfsdm1_filter0
                0x0000000020001c30                hdma_dfsdm1_flt1
                0x0000000020001c78                hdma_dfsdm1_flt0
                0x0000000020001cc0                hdfsdm1_filter1
                0x0000000020001d34                hdfsdm1_channel0
 COMMON         0x0000000020001d7c       0x10 ./Core/Src/freertos.o
                0x0000000020001d7c                defaultTaskHandle
                0x0000000020001d80                buffer_mutexHandle
                0x0000000020001d84                tasktest_mic
                0x0000000020001d88                tasktest_outHandle
 COMMON         0x0000000020001d8c     0x4010 ./Core/Src/stm32l475e_iot01_audio.o
                0x0000000020001d8c                Audio_DmaDigMic1RecBuffCplt
                0x0000000020001d90                Audio_DmaDigMic2RecBuffCplt
                0x0000000020001d94                Audio_DigMic1RecBuff
                0x0000000020003d94                Audio_DmaDigMic2RecHalfBuffCplt
                0x0000000020003d98                Audio_DmaDigMic1RecHalfBuffCplt
                0x0000000020003d9c                Audio_DigMic2RecBuff
 COMMON         0x0000000020005d9c       0x4c ./Core/Src/stm32l4xx_hal_timebase_tim.o
                0x0000000020005d9c                htim1
 COMMON         0x0000000020005de8        0x4 ./Drivers/STM32L4xx_HAL_Driver/Src/stm32l4xx_hal.o
                0x0000000020005de8                uwTick
 COMMON         0x0000000020005dec       0x40 ./Middlewares/Third_Party/FreeRTOS/Source/queue.o
                0x0000000020005dec                xQueueRegistry
 COMMON         0x0000000020005e2c        0x9 c:/st/stm32cubeide_1.8.0/stm32cubeide/plugins/com.st.stm32cube.ide.mcu.externaltools.gnu-tools-for-stm32.9-2020-q2-update.win32_2.0.0.202105311346/tools/bin/../lib/gcc/arm-none-eabi/9.3.1/../../../../arm-none-eabi/lib/thumb/v7e-m+fp/hard\libc_nano.a(lib_a-lock.o)
                0x0000000020005e2c                __lock___atexit_recursive_mutex
                0x0000000020005e2d                __lock___arc4random_mutex
                0x0000000020005e2e                __lock___env_recursive_mutex
                0x0000000020005e2f                __lock___sinit_recursive_mutex
                0x0000000020005e30                __lock___malloc_recursive_mutex
                0x0000000020005e31                __lock___at_quick_exit_mutex
                0x0000000020005e32                __lock___dd_hash_mutex
                0x0000000020005e33                __lock___tz_mutex
                0x0000000020005e34                __lock___sfp_recursive_mutex
 *fill*         0x0000000020005e35        0x3 
 COMMON         0x0000000020005e38        0x4 c:/st/stm32cubeide_1.8.0/stm32cubeide/plugins/com.st.stm32cube.ide.mcu.externaltools.gnu-tools-for-stm32.9-2020-q2-update.win32_2.0.0.202105311346/tools/bin/../lib/gcc/arm-none-eabi/9.3.1/../../../../arm-none-eabi/lib/thumb/v7e-m+fp/hard\libc_nano.a(lib_a-reent.o)
                0x0000000020005e38                errno
                0x0000000020005e3c                . = ALIGN (0x4)
                0x0000000020005e3c                _ebss = .
                0x0000000020005e3c                __bss_end__ = _ebss

._user_heap_stack
                0x0000000020005e3c      0x604 load address 0x0000000008009c50
                0x0000000020005e40                . = ALIGN (0x8)
 *fill*         0x0000000020005e3c        0x4 
                [!provide]                        PROVIDE (end = .)
                0x0000000020005e40                PROVIDE (_end = .)
                0x0000000020006040                . = (. + _Min_Heap_Size)
 *fill*         0x0000000020005e40      0x200 
                0x0000000020006440                . = (. + _Min_Stack_Size)
 *fill*         0x0000000020006040      0x400 
                0x0000000020006440                . = ALIGN (0x8)

/DISCARD/
 libc.a(*)
 libm.a(*)
 libgcc.a(*)

.ARM.attributes
                0x0000000000000000       0x30
 *(.ARM.attributes)
 .ARM.attributes
                0x0000000000000000       0x1e c:/st/stm32cubeide_1.8.0/stm32cubeide/plugins/com.st.stm32cube.ide.mcu.externaltools.gnu-tools-for-stm32.9-2020-q2-update.win32_2.0.0.202105311346/tools/bin/../lib/gcc/arm-none-eabi/9.3.1/thumb/v7e-m+fp/hard/crti.o
 .ARM.attributes
                0x000000000000001e       0x34 c:/st/stm32cubeide_1.8.0/stm32cubeide/plugins/com.st.stm32cube.ide.mcu.externaltools.gnu-tools-for-stm32.9-2020-q2-update.win32_2.0.0.202105311346/tools/bin/../lib/gcc/arm-none-eabi/9.3.1/thumb/v7e-m+fp/hard/crtbegin.o
 .ARM.attributes
                0x0000000000000052       0x34 ./Core/Src/dfsdm.o
 .ARM.attributes
                0x0000000000000086       0x34 ./Core/Src/dma.o
 .ARM.attributes
                0x00000000000000ba       0x34 ./Core/Src/freertos.o
 .ARM.attributes
                0x00000000000000ee       0x34 ./Core/Src/gpio.o
 .ARM.attributes
                0x0000000000000122       0x34 ./Core/Src/main.o
 .ARM.attributes
                0x0000000000000156       0x34 ./Core/Src/microphone.o
 .ARM.attributes
                0x000000000000018a       0x34 ./Core/Src/stm32l475e_iot01_audio.o
 .ARM.attributes
                0x00000000000001be       0x34 ./Core/Src/stm32l475e_iot01_irq_handler.o
 .ARM.attributes
                0x00000000000001f2       0x34 ./Core/Src/stm32l4xx_hal_msp.o
 .ARM.attributes